MPLINK 4.1, Linker
Linker Map File - Created Thu Feb 28 21:35:34 2008

                                 Section Info
                  Section       Type    Address   Location Size(Bytes)
                ---------  ---------  ---------  ---------  ---------
               _entry_scn       code   0x000800    program   0x000006
        .idata_stdout.o_i    romdata   0x000806    program   0x000002
    Interrupt_Vector_High       code   0x000808    program   0x000006
         .code_disabled.o       code   0x00080e    program   0x000006
        .idata_teleop.o_i    romdata   0x000814    program   0x000003
           .idata_adc.o_i    romdata   0x000817    program   0x000001
     Interrupt_Vector_Low       code   0x000818    program   0x000006
                   .cinit    romdata   0x00081e    program   0x000086
         .code_vfprintf.o       code   0x0008a4    program   0x000c22
  .code_ifi_frc_library.o       code   0x0014c6    program   0x0006d4
            .code_drive.o       code   0x001b9a    program   0x000680
         .code_ifi_code.o       code   0x00221a    program   0x00053a
            .code_robot.o       code   0x002754    program   0x000524
              .code_pid.o       code   0x002c78    program   0x000522
             .code_gyro.o       code   0x00319a    program   0x000414
                     PROG       code   0x0035ae    program   0x00040a
         .code_launcher.o       code   0x0039b8    program   0x0003ec
              .code_adc.o       code   0x003da4    program   0x00038c
     .code_serial_ports.o       code   0x004130    program   0x000382
          .code_ifi_frc.o       code   0x0044b2    program   0x000236
          .code_encoder.o       code   0x0046e8    program   0x0001d6
              .code_pwm.o       code   0x0048be    program   0x000164
             .stringtable    romdata   0x004a22    program   0x0000e8
               _cinit_scn       code   0x004b0a    program   0x0000e4
           .code_teleop.o       code   0x004bee    program   0x0000e2
           .code_printf.o       code   0x004cd0    program   0x000098
             .code_putc.o       code   0x004d68    program   0x000084
          .code_fxm3232.o       code   0x004dec    program   0x000070
                   STRING       code   0x004e5c    program   0x000066
       .code_autonomous.o       code   0x004ec2    program   0x000066
         .code_fxd3232u.o       code   0x004f28    program   0x000048
.romdata_ifi_frc_library.o    romdata   0x004f70    program   0x00003a
         .code_fxd1616u.o       code   0x004faa    program   0x00002c
             _startup_scn       code   0x004fd6    program   0x000024
                    CTYPE       code   0x004ffa    program   0x000024
                    STDIO       code   0x00501e    program   0x00001c
      .romdata_vfprintf.o    romdata   0x00503a    program   0x000011
  .idata_serial_ports.o_i    romdata   0x00504b    program   0x000019
         .idata_robot.o_i    romdata   0x005064    program   0x000006
      .idata_launcher.o_i    romdata   0x00506a    program   0x000011
       .idata_ifi_frc.o_i    romdata   0x00507b    program   0x000004
          .idata_gyro.o_i    romdata   0x00507f    program   0x000002
       .idata_encoder.o_i    romdata   0x005081    program   0x00000c
         .idata_drive.o_i    romdata   0x00508d    program   0x00000c
    .idata_autonomous.o_i    romdata   0x005099    program   0x000002
.config_300001_ifi_frc_library.o    romdata   0x300001    program   0x000001
.config_300002_ifi_frc_library.o    romdata   0x300002    program   0x000001
.config_300003_ifi_frc_library.o    romdata   0x300003    program   0x000001
.config_300004_ifi_frc_library.o    romdata   0x300004    program   0x000001
.config_300005_ifi_frc_library.o    romdata   0x300005    program   0x000001
.config_300006_ifi_frc_library.o    romdata   0x300006    program   0x000001
.config_300008_ifi_frc_library.o    romdata   0x300008    program   0x000001
.config_300009_ifi_frc_library.o    romdata   0x300009    program   0x000001
.config_30000a_ifi_frc_library.o    romdata   0x30000a    program   0x000001
.config_30000b_ifi_frc_library.o    romdata   0x30000b    program   0x000001
.config_30000c_ifi_frc_library.o    romdata   0x30000c    program   0x000001
.config_30000d_ifi_frc_library.o    romdata   0x30000d    program   0x000001
                MATH_DATA      udata   0x000000       data   0x000014
                 .tmpdata      udata   0x000014       data   0x00000c
          low_isr_tmpdata      udata   0x000020       data   0x000004
            .udata_gyro.o      udata   0x000060       data   0x00009d
          .idata_teleop.o      idata   0x0000fd       data   0x000003
 .udata_ifi_frc_library.o      udata   0x000100       data   0x0000cd
    .idata_serial_ports.o      idata   0x0001cd       data   0x000019
        .udata_launcher.o      udata   0x0001e6       data   0x000015
         .idata_ifi_frc.o      idata   0x0001fb       data   0x000004
         .udata_encoder.o      udata   0x0001ff       data   0x000001
    .udata_serial_ports.o      udata   0x000200       data   0x000080
           .udata_drive.o      udata   0x000280       data   0x00003d
             .udata_adc.o      udata   0x0002bd       data   0x000015
        .idata_launcher.o      idata   0x0002d2       data   0x000011
         .idata_encoder.o      idata   0x0002e3       data   0x00000c
           .idata_drive.o      idata   0x0002ef       data   0x00000c
        .udata_ifi_code.o      udata   0x0002fb       data   0x000002
          .idata_stdout.o      idata   0x0002fd       data   0x000002
             .idata_adc.o      idata   0x0002ff       data   0x000001
           .udata_robot.o      udata   0x000300       data   0x00000b
         .udata_ifi_frc.o      udata   0x00030b       data   0x00000a
           .idata_robot.o      idata   0x000315       data   0x000006
            .idata_gyro.o      idata   0x00031b       data   0x000002
      .idata_autonomous.o      idata   0x00031d       data   0x000002
                   .stack      udata   0x000e00       data   0x000100
            SFR_UNBANKED0      udata   0x000f62       data   0x00009e



                              Program Memory Usage 
                               Start         End      
                           ---------   ---------      
                            0x000800    0x00509a      
                            0x300001    0x300006      
                            0x300008    0x30000d      
            18599 out of 132120 program addresses used, program memory utilization is 14%



                              Symbols - Sorted by Name
                     Name    Address   Location    Storage File                     
                ---------  ---------  ---------  --------- ---------                
   Auto_Selection_Handler   0x00283a    program     extern C:\FIRST\projects\2-27\source\robot.c
               Autonomous   0x004ec4    program     extern C:\FIRST\projects\2-27\source\autonomous.c
          Autonomous_Init   0x004ec2    program     extern C:\FIRST\projects\2-27\source\autonomous.c
          Autonomous_Spin   0x004f26    program     extern C:\FIRST\projects\2-27\source\autonomous.c
           Button_Handler   0x002884    program     extern C:\FIRST\projects\2-27\source\robot.c
      Calculate_Gyro_Bias   0x002b0a    program     extern C:\FIRST\projects\2-27\source\robot.c
       Clear_SPIdata_flag   0x0016e2    program     extern C:\2008 FRC\frc_library\ifi_frc_library.c
               CloseBrake   0x003d72    program     extern C:\FIRST\projects\2-28\source\launcher.c
       Compressor_Handler   0x002c58    program     extern C:\FIRST\projects\2-27\source\robot.c
      Configuration_Check   0x0016ec    program     extern C:\2008 FRC\frc_library\ifi_frc_library.c
        Convert_ADC_to_mV   0x003f0e    program     extern C:\FIRST\projects\2-28\source\adc.c
                   D1616S   0x003772    program     static C:\MCC18\SRC\TRADIT~1\MATH\fxd1616s.asm
                D1616SNEG   0x003780    program     static C:\MCC18\SRC\TRADIT~1\MATH\fxd1616s.asm
                 D1616SOK   0x00377c    program     static C:\MCC18\SRC\TRADIT~1\MATH\fxd1616s.asm
                  D1616SX   0x003792    program     static C:\MCC18\SRC\TRADIT~1\MATH\fxd1616s.asm
                   D3232S   0x0037cc    program     static C:\MCC18\SRC\TRADIT~1\MATH\fxd3232s.asm
                D3232SNEG   0x0037da    program     static C:\MCC18\SRC\TRADIT~1\MATH\fxd3232s.asm
                 D3232SOK   0x0037d6    program     static C:\MCC18\SRC\TRADIT~1\MATH\fxd3232s.asm
                  D3232SX   0x0037fa    program     static C:\MCC18\SRC\TRADIT~1\MATH\fxd3232s.asm
                  DA1616S   0x003762    program     static C:\MCC18\SRC\TRADIT~1\MATH\fxd1616s.asm
                  DA3232S   0x0037b6    program     static C:\MCC18\SRC\TRADIT~1\MATH\fxd3232s.asm
          Default_Routine   0x00221a    program     extern C:\FIRST\projects\2-27\source\ifi_code.c
        DifferentialDrive   0x001cd6    program     extern C:\FIRST\projects\2-28\source\drive.c
              Disable_ADC   0x003e8a    program     extern C:\FIRST\projects\2-28\source\adc.c
   Disable_Drive_Encoders   0x002c66    program     extern C:\FIRST\projects\2-27\source\robot.c
        Disable_Encoder_1   0x002c6c    program     extern C:\FIRST\projects\2-27\source\robot.c
        Disable_Encoder_2   0x002c70    program     extern C:\FIRST\projects\2-27\source\robot.c
      Disable_Encoder_3_6   0x002c74    program     extern C:\FIRST\projects\2-27\source\robot.c
                 Disabled   0x000810    program     extern C:\FIRST\projects\2-27\source\disabled.c
            Disabled_Init   0x00080e    program     extern C:\FIRST\projects\2-27\source\disabled.c
            Disabled_Spin   0x000812    program     extern C:\FIRST\projects\2-27\source\disabled.c
                    Drive   0x001c7e    program     extern C:\FIRST\projects\2-28\source\drive.c
            DriveDistance   0x001faa    program     extern C:\FIRST\projects\2-28\source\drive.c
             DriveHandler   0x002182    program     extern C:\FIRST\projects\2-28\source\drive.c
            DriveStraight   0x001f46    program     extern C:\FIRST\projects\2-28\source\drive.c
             EngageBrakes   0x0020d2    program     extern C:\FIRST\projects\2-28\source\drive.c
                 FLO0832S   0x0035b2    program     extern C:\MCC18\SRC\TRADIT~1\MATH\cast08FP.asm
                 FLO0832U   0x0035ae    program     extern C:\MCC18\SRC\TRADIT~1\MATH\cast08FP.asm
                    FPD32   0x0035d0    program     extern C:\MCC18\SRC\TRADIT~1\MATH\divFP.asm
                    FPM32   0x003676    program     extern C:\MCC18\SRC\TRADIT~1\MATH\mulFP.asm
                 FXD1616S   0x003750    program     extern C:\MCC18\SRC\TRADIT~1\MATH\fxd1616s.asm
                 FXD1616U   0x004faa    program     extern C:\MCC18\src\TRADIT~1\math\fxd1616u.c
                 FXD3232S   0x00379c    program     extern C:\MCC18\SRC\TRADIT~1\MATH\fxd3232s.asm
                 FXD3232U   0x004f28    program     extern C:\MCC18\src\TRADIT~1\math\fxd3232u.c
                 FXM1616S   0x003804    program     extern C:\MCC18\SRC\TRADIT~1\MATH\fxm1616s.asm
                  FXM3232   0x004dec    program     extern C:\MCC18\src\TRADIT~1\math\fxm3232.c
                   GetPID   0x002c78    program     extern C:\FIRST\projects\2-27\source\pid.c
           Get_ADC_Result   0x003ea4    program     extern C:\FIRST\projects\2-28\source\adc.c
     Get_ADC_Result_Count   0x003f96    program     extern C:\FIRST\projects\2-28\source\adc.c
            Get_Auto_Mode   0x0027a4    program     extern C:\FIRST\projects\2-27\source\robot.c
      Get_Encoder_1_Count   0x004710    program     extern C:\FIRST\projects\2-27\source\encoder.c
      Get_Encoder_2_Count   0x004790    program     extern C:\FIRST\projects\2-27\source\encoder.c
      Get_Encoder_3_Count   0x004810    program     extern C:\FIRST\projects\2-27\source\encoder.c
           Get_Gyro_Angle   0x0032e6    program     extern C:\FIRST\projects\2-28\source\gyro.c
            Get_Gyro_Bias   0x003480    program     extern C:\FIRST\projects\2-28\source\gyro.c
     Get_Gyro_Bias_Status   0x003478    program     extern C:\FIRST\projects\2-28\source\gyro.c
            Get_Gyro_Rate   0x0031d6    program     extern C:\FIRST\projects\2-28\source\gyro.c
                  Getdata   0x0015b6    program     extern C:\2008 FRC\frc_library\ifi_frc_library.c
      Human_Brake_Handler   0x0020ba    program     extern C:\FIRST\projects\2-28\source\drive.c
       IFI_Initialization   0x0014c6    program     extern C:\2008 FRC\frc_library\ifi_frc_library.c
                  INT3208   0x00385e    program     extern C:\MCC18\SRC\TRADIT~1\MATH\castFP08.asm
                  InitPID   0x0030da    program     extern C:\FIRST\projects\2-27\source\pid.c
     Init_Serial_Port_One   0x004130    program     extern C:\FIRST\projects\2-27\source\serial_ports.c
     Init_Serial_Port_Two   0x0041ba    program     extern C:\FIRST\projects\2-27\source\serial_ports.c
           Initialization   0x004bee    program     extern C:\FIRST\projects\2-28\source\teleop.c
           Initialize_ADC   0x003da4    program     extern C:\FIRST\projects\2-28\source\adc.c
         Initialize_Drive   0x001b9a    program     extern C:\FIRST\projects\2-28\source\drive.c
     Initialize_Encoder_1   0x0046e8    program     extern C:\FIRST\projects\2-27\source\encoder.c
     Initialize_Encoder_2   0x0046f4    program     extern C:\FIRST\projects\2-27\source\encoder.c
   Initialize_Encoder_3_6   0x004700    program     extern C:\FIRST\projects\2-27\source\encoder.c
          Initialize_Gyro   0x00319a    program     extern C:\FIRST\projects\2-28\source\gyro.c
      Initialize_Launcher   0x003d78    program     extern C:\FIRST\projects\2-28\source\launcher.c
           Initialize_PWM   0x0048be    program     extern C:\FIRST\projects\2-27\source\pwm.c
     Initialize_Registers   0x001540    program     extern C:\2008 FRC\frc_library\ifi_frc_library.c
                Int_1_ISR   0x004770    program     extern C:\FIRST\projects\2-27\source\encoder.c
                Int_2_ISR   0x0047f0    program     extern C:\FIRST\projects\2-27\source\encoder.c
                Int_3_ISR   0x004870    program     extern C:\FIRST\projects\2-27\source\encoder.c
   Interrupt_Handler_High   0x001ac6    program     extern C:\2008 FRC\frc_library\ifi_frc_library.c
    Interrupt_Handler_Low   0x00460a    program     extern C:\FIRST\projects\2-28\source\ifi_frc.c
    Interrupt_Vector_High   0x000808    program     extern C:\2008 FRC\frc_library\ifi_frc_library.c
     Interrupt_Vector_Low   0x000818    program     extern C:\FIRST\projects\2-28\source\ifi_frc.c
         Launcher_Handler   0x0039b8    program     extern C:\FIRST\projects\2-28\source\launcher.c
   Launcher_State_Machine   0x0039d4    program     extern C:\FIRST\projects\2-28\source\launcher.c
                LimitChar   0x0027ac    program     extern C:\FIRST\projects\2-27\source\robot.c
               LimitSpeed   0x0020e0    program     extern C:\FIRST\projects\2-28\source\drive.c
                Limit_Mix   0x0026d8    program     extern C:\FIRST\projects\2-27\source\ifi_code.c
         Limit_Switch_Max   0x002664    program     extern C:\FIRST\projects\2-27\source\ifi_code.c
         Limit_Switch_Min   0x00269c    program     extern C:\FIRST\projects\2-27\source\ifi_code.c
                OpenBrake   0x003d6c    program     extern C:\FIRST\projects\2-28\source\launcher.c
           OrientationFwd   0x001e5a    program     extern C:\FIRST\projects\2-28\source\drive.c
           OrientationRev   0x001e62    program     extern C:\FIRST\projects\2-28\source\drive.c
                      PWM   0x0048d6    program     extern C:\FIRST\projects\2-27\source\pwm.c
        Process_Gyro_Data   0x0034b4    program     extern C:\FIRST\projects\2-28\source\gyro.c
                  Putdata   0x001628    program     extern C:\2008 FRC\frc_library\ifi_frc_library.c
     Read_Serial_Port_One   0x004284    program     extern C:\FIRST\projects\2-27\source\serial_ports.c
     Read_Serial_Port_Two   0x0042d0    program     extern C:\FIRST\projects\2-27\source\serial_ports.c
   ResetDriveDependancies   0x001c4c    program     extern C:\FIRST\projects\2-28\source\drive.c
   Reset_ADC_Result_Count   0x003fb6    program     extern C:\FIRST\projects\2-28\source\adc.c
    Reset_Encoder_1_Count   0x004760    program     extern C:\FIRST\projects\2-27\source\encoder.c
    Reset_Encoder_2_Count   0x0047e0    program     extern C:\FIRST\projects\2-27\source\encoder.c
    Reset_Encoder_3_Count   0x004860    program     extern C:\FIRST\projects\2-27\source\encoder.c
         Reset_Gyro_Angle   0x0034a8    program     extern C:\FIRST\projects\2-28\source\gyro.c
            Reset_Outputs   0x004ba8    program     extern C:\FIRST\projects\2-28\source\ifi_frc.c
                 Rx_1_ISR   0x0043a0    program     extern C:\FIRST\projects\2-27\source\serial_ports.c
                 Rx_2_ISR   0x0043de    program     extern C:\FIRST\projects\2-27\source\serial_ports.c
Serial_Port_One_Byte_Count   0x004244    program     extern C:\FIRST\projects\2-27\source\serial_ports.c
Serial_Port_Two_Byte_Count   0x004264    program     extern C:\FIRST\projects\2-27\source\serial_ports.c
            Set_Gyro_Bias   0x00348c    program     extern C:\FIRST\projects\2-28\source\gyro.c
                ShiftHigh   0x001e2c    program     extern C:\FIRST\projects\2-28\source\drive.c
                 ShiftLow   0x001e26    program     extern C:\FIRST\projects\2-28\source\drive.c
     Start_Gyro_Bias_Calc   0x0033e4    program     extern C:\FIRST\projects\2-28\source\gyro.c
               StopBrakes   0x0020da    program     extern C:\FIRST\projects\2-28\source\drive.c
      Stop_Gyro_Bias_Calc   0x003400    program     extern C:\FIRST\projects\2-28\source\gyro.c
               SwitchGear   0x001e44    program     extern C:\FIRST\projects\2-28\source\drive.c
              SwitchGears   0x001e34    program     extern C:\FIRST\projects\2-28\source\drive.c
               TSIGN1616A   0x003850    program     static C:\MCC18\SRC\TRADIT~1\MATH\fxm1616s.asm
                TankDrive   0x001c58    program     extern C:\FIRST\projects\2-28\source\drive.c
                   Teleop   0x004c6a    program     extern C:\FIRST\projects\2-28\source\teleop.c
              Teleop_Init   0x004c68    program     extern C:\FIRST\projects\2-28\source\teleop.c
              Teleop_Spin   0x004cce    program     extern C:\FIRST\projects\2-28\source\teleop.c
              Timer_4_ISR   0x003fc0    program     extern C:\FIRST\projects\2-28\source\adc.c
            TurnToHeading   0x001e68    program     extern C:\FIRST\projects\2-28\source\drive.c
                 Tx_1_ISR   0x00441c    program     extern C:\FIRST\projects\2-27\source\serial_ports.c
                 Tx_2_ISR   0x00444c    program     extern C:\FIRST\projects\2-27\source\serial_ports.c
           Update_OI_LEDs   0x00250c    program     extern C:\FIRST\projects\2-27\source\ifi_code.c
       User_Proc_Is_Ready   0x0015ac    program     extern C:\2008 FRC\frc_library\ifi_frc_library.c
    Write_Serial_Port_One   0x00431c    program     extern C:\FIRST\projects\2-27\source\serial_ports.c
    Write_Serial_Port_Two   0x00435e    program     extern C:\FIRST\projects\2-27\source\serial_ports.c
                   _2jEnd   0x004eac    program     static C:\MCC18\SRC\TRADIT~1\STDCLIB\slenpgm.asm
                 __FpExit   0x0038b8    program     extern C:\MCC18\SRC\TRADIT~1\MATH\packFP.asm
                 __FpPack   0x0038e4    program     extern C:\MCC18\SRC\TRADIT~1\MATH\packFP.asm
            __FpReturnNaN   0x0038ac    program     extern C:\MCC18\SRC\TRADIT~1\MATH\packFP.asm
         __FpReturnNegInf   0x0038be    program     extern C:\MCC18\SRC\TRADIT~1\MATH\packFP.asm
        __FpReturnNegZero   0x0038d6    program     extern C:\MCC18\SRC\TRADIT~1\MATH\packFP.asm
         __FpReturnPosInf   0x0038c4    program     extern C:\MCC18\SRC\TRADIT~1\MATH\packFP.asm
        __FpReturnPosZero   0x0038de    program     extern C:\MCC18\SRC\TRADIT~1\MATH\packFP.asm
        __FpReturnSignInf   0x0038ba    program     extern C:\MCC18\SRC\TRADIT~1\MATH\packFP.asm
       __FpReturnSignZero   0x0038d2    program     extern C:\MCC18\SRC\TRADIT~1\MATH\packFP.asm
              __FpReturnW   0x00393c    program     extern C:\MCC18\SRC\TRADIT~1\MATH\packFP.asm
              __FpUnPackA   0x00395c    program     extern C:\MCC18\SRC\TRADIT~1\MATH\UnpackFP.asm
              __FpUnPackB   0x00398c    program     extern C:\MCC18\SRC\TRADIT~1\MATH\UnpackFP.asm
       ___return_lbl00000   0x004f6e    program     static                          
       ___return_lbl00000   0x004fd4    program     static                          
       ___return_lbl00000   0x004e5a    program     static                          
       ___return_lbl00013   0x00081c    program     static                          
       ___return_lbl00029   0x000804    program     static                          
       ___return_lbl00030   0x004ff8    program     static                          
       ___return_lbl00031   0x004ba6    program     static                          
       ___return_lbl00058   0x00080c    program     static                          
               __config_0   0x300001    program     static C:\2008 FRC\frc_library\ifi_frc_library.c
               __config_1   0x300002    program     static C:\2008 FRC\frc_library\ifi_frc_library.c
              __config_10   0x30000c    program     static C:\2008 FRC\frc_library\ifi_frc_library.c
              __config_11   0x30000d    program     static C:\2008 FRC\frc_library\ifi_frc_library.c
               __config_2   0x300003    program     static C:\2008 FRC\frc_library\ifi_frc_library.c
               __config_3   0x300004    program     static C:\2008 FRC\frc_library\ifi_frc_library.c
               __config_4   0x300005    program     static C:\2008 FRC\frc_library\ifi_frc_library.c
               __config_5   0x300006    program     static C:\2008 FRC\frc_library\ifi_frc_library.c
               __config_6   0x300008    program     static C:\2008 FRC\frc_library\ifi_frc_library.c
               __config_7   0x300009    program     static C:\2008 FRC\frc_library\ifi_frc_library.c
               __config_8   0x30000a    program     static C:\2008 FRC\frc_library\ifi_frc_library.c
               __config_9   0x30000b    program     static C:\2008 FRC\frc_library\ifi_frc_library.c
                   __pa_0   0x0011e4    program     static C:\MCC18\src\TRADIT~1\stdclib\vfprintf.c
                   __pa_1   0x0011ec    program     static C:\MCC18\src\TRADIT~1\stdclib\vfprintf.c
                  __pa_10   0x0012a0    program     static C:\MCC18\src\TRADIT~1\stdclib\vfprintf.c
                  __pa_11   0x0012ae    program     static C:\MCC18\src\TRADIT~1\stdclib\vfprintf.c
                  __pa_12   0x0012c4    program     static C:\MCC18\src\TRADIT~1\stdclib\vfprintf.c
                  __pa_13   0x0012de    program     static C:\MCC18\src\TRADIT~1\stdclib\vfprintf.c
                  __pa_14   0x0012f6    program     static C:\MCC18\src\TRADIT~1\stdclib\vfprintf.c
                  __pa_15   0x001306    program     static C:\MCC18\src\TRADIT~1\stdclib\vfprintf.c
                  __pa_16   0x00131c    program     static C:\MCC18\src\TRADIT~1\stdclib\vfprintf.c
                  __pa_17   0x00132e    program     static C:\MCC18\src\TRADIT~1\stdclib\vfprintf.c
                  __pa_18   0x001340    program     static C:\MCC18\src\TRADIT~1\stdclib\vfprintf.c
                  __pa_19   0x00134a    program     static C:\MCC18\src\TRADIT~1\stdclib\vfprintf.c
                   __pa_2   0x0011f6    program     static C:\MCC18\src\TRADIT~1\stdclib\vfprintf.c
                  __pa_20   0x00135a    program     static C:\MCC18\src\TRADIT~1\stdclib\vfprintf.c
                  __pa_21   0x00136a    program     static C:\MCC18\src\TRADIT~1\stdclib\vfprintf.c
                  __pa_22   0x00137a    program     static C:\MCC18\src\TRADIT~1\stdclib\vfprintf.c
                  __pa_23   0x001386    program     static C:\MCC18\src\TRADIT~1\stdclib\vfprintf.c
                  __pa_24   0x001394    program     static C:\MCC18\src\TRADIT~1\stdclib\vfprintf.c
                  __pa_25   0x00139c    program     static C:\MCC18\src\TRADIT~1\stdclib\vfprintf.c
                  __pa_26   0x0013a6    program     static C:\MCC18\src\TRADIT~1\stdclib\vfprintf.c
                  __pa_27   0x0013b0    program     static C:\MCC18\src\TRADIT~1\stdclib\vfprintf.c
                  __pa_28   0x0013b8    program     static C:\MCC18\src\TRADIT~1\stdclib\vfprintf.c
                  __pa_29   0x0013c6    program     static C:\MCC18\src\TRADIT~1\stdclib\vfprintf.c
                   __pa_3   0x001200    program     static C:\MCC18\src\TRADIT~1\stdclib\vfprintf.c
                  __pa_30   0x0013e2    program     static C:\MCC18\src\TRADIT~1\stdclib\vfprintf.c
                  __pa_31   0x0013fc    program     static C:\MCC18\src\TRADIT~1\stdclib\vfprintf.c
                  __pa_32   0x001416    program     static C:\MCC18\src\TRADIT~1\stdclib\vfprintf.c
                  __pa_33   0x00142e    program     static C:\MCC18\src\TRADIT~1\stdclib\vfprintf.c
                  __pa_34   0x001438    program     static C:\MCC18\src\TRADIT~1\stdclib\vfprintf.c
                  __pa_35   0x001446    program     static C:\MCC18\src\TRADIT~1\stdclib\vfprintf.c
                  __pa_36   0x00144e    program     static C:\MCC18\src\TRADIT~1\stdclib\vfprintf.c
                  __pa_37   0x001458    program     static C:\MCC18\src\TRADIT~1\stdclib\vfprintf.c
                  __pa_38   0x001468    program     static C:\MCC18\src\TRADIT~1\stdclib\vfprintf.c
                  __pa_39   0x001476    program     static C:\MCC18\src\TRADIT~1\stdclib\vfprintf.c
                   __pa_4   0x001218    program     static C:\MCC18\src\TRADIT~1\stdclib\vfprintf.c
                  __pa_40   0x001482    program     static C:\MCC18\src\TRADIT~1\stdclib\vfprintf.c
                  __pa_41   0x00148e    program     static C:\MCC18\src\TRADIT~1\stdclib\vfprintf.c
                  __pa_42   0x001496    program     static C:\MCC18\src\TRADIT~1\stdclib\vfprintf.c
                  __pa_43   0x0014a0    program     static C:\MCC18\src\TRADIT~1\stdclib\vfprintf.c
                  __pa_44   0x0014a6    program     static C:\MCC18\src\TRADIT~1\stdclib\vfprintf.c
                  __pa_45   0x0014b0    program     static C:\MCC18\src\TRADIT~1\stdclib\vfprintf.c
                  __pa_46   0x0014bc    program     static C:\MCC18\src\TRADIT~1\stdclib\vfprintf.c
                   __pa_5   0x00122c    program     static C:\MCC18\src\TRADIT~1\stdclib\vfprintf.c
                   __pa_6   0x001248    program     static C:\MCC18\src\TRADIT~1\stdclib\vfprintf.c
                   __pa_7   0x001252    program     static C:\MCC18\src\TRADIT~1\stdclib\vfprintf.c
                   __pa_8   0x00125e    program     static C:\MCC18\src\TRADIT~1\stdclib\vfprintf.c
                   __pa_9   0x001280    program     static C:\MCC18\src\TRADIT~1\stdclib\vfprintf.c
               __string_0   0x004afc    program     static C:\FIRST\projects\2-28\source\teleop.c
               __string_0   0x004a40    program     static C:\FIRST\projects\2-28\source\launcher.c
               __string_0   0x004abd    program     static C:\FIRST\projects\2-27\source\robot.c
               __string_1   0x004a22    program     static C:\FIRST\projects\2-28\source\launcher.c
               __string_1   0x004ad7    program     static C:\FIRST\projects\2-28\source\teleop.c
               __string_1   0x004ab7    program     static C:\FIRST\projects\2-27\source\robot.c
               __string_2   0x004aa7    program     static C:\FIRST\projects\2-27\source\robot.c
               __string_3   0x004a97    program     static C:\FIRST\projects\2-27\source\robot.c
               __string_4   0x004a85    program     static C:\FIRST\projects\2-27\source\robot.c
              __tmplbl_42   0x00137a    program     static                          
              __tmplbl_43   0x0011c2    program     static                          
              __tmplbl_44   0x0011a8    program     static                          
              __tmplbl_85   0x0008fa    program     static                          
                _do_cinit   0x004b0a    program     extern C:\FIRST\projects\2-28\source\ifi_frc.c
                   _entry   0x000800    program     extern C:\FIRST\projects\2-28\source\ifi_frc.c
                   _false   0x004f6a    program     static                          
                 _startup   0x004fd6    program     extern C:\FIRST\projects\2-28\source\ifi_frc.c
              _usart_putc   0x00501e    program     extern C:\MCC18\SRC\TRADIT~1\PMC\USART\_usartpc.asm
               _user_putc   0x00447c    program     extern C:\FIRST\projects\2-27\source\serial_ports.c
                      abs   0x002754    program     extern C:\FIRST\projects\2-27\source\robot.c
               clear_loop   0x004fe8    program     static                          
                copy_loop   0x004b7c    program     static                          
            copy_one_byte   0x004b82    program     static                          
                copyright   0x004f70    program     extern C:\2008 FRC\frc_library\ifi_frc_library.c
                     done   0x004ba6    program     static                          
             done_copying   0x004b90    program     static                          
                  endloop   0x004fd0    program     static                          
                get_entry   0x004b2c    program     static                          
                  isdigit   0x004ffa    program     extern C:\MCC18\SRC\TRADIT~1\STDCLIB\isdigit.asm
                 jANotInf   0x003694    program     static C:\MCC18\SRC\TRADIT~1\MATH\mulFP.asm
                 jANotInf   0x0035ee    program     static C:\MCC18\SRC\TRADIT~1\MATH\divFP.asm
                jANotZero   0x003602    program     static C:\MCC18\SRC\TRADIT~1\MATH\divFP.asm
              jBothFinite   0x0036a2    program     static C:\MCC18\SRC\TRADIT~1\MATH\mulFP.asm
             jBothNotZero   0x0036ae    program     static C:\MCC18\SRC\TRADIT~1\MATH\mulFP.asm
                     jEnd   0x004e76    program     static C:\MCC18\SRC\TRADIT~1\STDCLIB\strlen.asm
                     jEnd   0x004eae    program     static C:\MCC18\SRC\TRADIT~1\STDCLIB\slenpgm.asm
                    jExit   0x0038aa    program     static C:\MCC18\SRC\TRADIT~1\MATH\castFP08.asm
                jHaveZero   0x0036aa    program     static C:\MCC18\SRC\TRADIT~1\MATH\mulFP.asm
                jI2F08Beg   0x0035bc    program     static C:\MCC18\SRC\TRADIT~1\MATH\cast08FP.asm
                    jLoop   0x004e96    program     static C:\MCC18\SRC\TRADIT~1\STDCLIB\slenpgm.asm
                    jLoop   0x00362a    program     static C:\MCC18\SRC\TRADIT~1\MATH\divFP.asm
                    jLoop   0x004e6c    program     static C:\MCC18\SRC\TRADIT~1\STDCLIB\strlen.asm
                    jLoop   0x003892    program     static C:\MCC18\SRC\TRADIT~1\MATH\castFP08.asm
                jLoopExit   0x0038a0    program     static C:\MCC18\SRC\TRADIT~1\MATH\castFP08.asm
                   jMatch   0x00501a    program     static C:\MCC18\SRC\TRADIT~1\STDCLIB\isdigit.asm
                     jMax   0x00386e    program     static C:\MCC18\SRC\TRADIT~1\MATH\castFP08.asm
                  jMaxNeg   0x003878    program     static C:\MCC18\SRC\TRADIT~1\MATH\castFP08.asm
                  jMaxPos   0x003872    program     static C:\MCC18\SRC\TRADIT~1\MATH\castFP08.asm
                    jNext   0x003650    program     static C:\MCC18\SRC\TRADIT~1\MATH\divFP.asm
                jNoAdjust   0x00364e    program     static C:\MCC18\SRC\TRADIT~1\MATH\divFP.asm
                 jNoMatch   0x00501c    program     static C:\MCC18\SRC\TRADIT~1\STDCLIB\isdigit.asm
                  jNotInf   0x003882    program     static C:\MCC18\SRC\TRADIT~1\MATH\castFP08.asm
                  jPkLoop   0x0038f2    program     static C:\MCC18\SRC\TRADIT~1\MATH\packFP.asm
             jPkRoundDone   0x00393c    program     static C:\MCC18\SRC\TRADIT~1\MATH\packFP.asm
               jPkRoundIt   0x003924    program     static C:\MCC18\SRC\TRADIT~1\MATH\packFP.asm
             jPkShiftDone   0x00390e    program     static C:\MCC18\SRC\TRADIT~1\MATH\packFP.asm
           jReturnPosInf0   0x0038c8    program     static C:\MCC18\SRC\TRADIT~1\MATH\packFP.asm
              jSignedZero   0x0035f8    program     static C:\MCC18\SRC\TRADIT~1\MATH\divFP.asm
                  jUnpkA1   0x003966    program     static C:\MCC18\SRC\TRADIT~1\MATH\UnpackFP.asm
                  jUnpkA2   0x00397e    program     static C:\MCC18\SRC\TRADIT~1\MATH\UnpackFP.asm
                 jUnpkANZ   0x003974    program     static C:\MCC18\SRC\TRADIT~1\MATH\UnpackFP.asm
                  jUnpkB1   0x003996    program     static C:\MCC18\SRC\TRADIT~1\MATH\UnpackFP.asm
                  jUnpkB2   0x0039ae    program     static C:\MCC18\SRC\TRADIT~1\MATH\UnpackFP.asm
                 jUnpkBNZ   0x0039a4    program     static C:\MCC18\SRC\TRADIT~1\MATH\UnpackFP.asm
                 jUnpkNaN   0x003988    program     static C:\MCC18\SRC\TRADIT~1\MATH\UnpackFP.asm
                    jZero   0x00387e    program     static C:\MCC18\SRC\TRADIT~1\MATH\castFP08.asm
               jZero1and2   0x0038cc    program     static C:\MCC18\SRC\TRADIT~1\MATH\packFP.asm
                     loop   0x00502e    program     static C:\MCC18\SRC\TRADIT~1\PMC\USART\_usartpc.asm
                     loop   0x004fb4    program     static                          
                     loop   0x004f36    program     static                          
                     loop   0x004ff2    program     static                          
                     main   0x0044b2    program     extern C:\FIRST\projects\2-28\source\ifi_frc.c
                   printf   0x004cd0    program     extern C:\MCC18\src\TRADIT~1\stdclib\printf.c
                     putc   0x004d68    program     extern C:\MCC18\src\TRADIT~1\stdclib\putc.c
                 s_digits   0x00503a    program     static C:\MCC18\src\TRADIT~1\stdclib\vfprintf.c
            s_put_n_chars   0x0008a4    program     static C:\MCC18\src\TRADIT~1\stdclib\vfprintf.c
                   strlen   0x004e5c    program     extern C:\MCC18\SRC\TRADIT~1\STDCLIB\strlen.asm
                strlenpgm   0x004e78    program     extern C:\MCC18\SRC\TRADIT~1\STDCLIB\slenpgm.asm
                 vfprintf   0x0008d0    program     extern C:\MCC18\src\TRADIT~1\stdclib\vfprintf.c
                zero_test   0x004b24    program     static                          
                   ADCON0   0x000fc2       data     extern C:\MCC18\SRC\TRADIT~1\PROC\p18f8722.asm
               ADCON0bits   0x000fc2       data     extern C:\MCC18\SRC\TRADIT~1\PROC\p18f8722.asm
                   ADCON1   0x000fc1       data     extern C:\MCC18\SRC\TRADIT~1\PROC\p18f8722.asm
               ADCON1bits   0x000fc1       data     extern C:\MCC18\SRC\TRADIT~1\PROC\p18f8722.asm
                   ADCON2   0x000fc0       data     extern C:\MCC18\SRC\TRADIT~1\PROC\p18f8722.asm
               ADCON2bits   0x000fc0       data     extern C:\MCC18\SRC\TRADIT~1\PROC\p18f8722.asm
                    ADRES   0x000fc3       data     extern C:\MCC18\SRC\TRADIT~1\PROC\p18f8722.asm
                   ADRESH   0x000fc4       data     extern C:\MCC18\SRC\TRADIT~1\PROC\p18f8722.asm
                   ADRESL   0x000fc3       data     extern C:\MCC18\SRC\TRADIT~1\PROC\p18f8722.asm
                  BAUDCON   0x000f7e       data     extern C:\MCC18\SRC\TRADIT~1\PROC\p18f8722.asm
                 BAUDCON1   0x000f7e       data     extern C:\MCC18\SRC\TRADIT~1\PROC\p18f8722.asm
             BAUDCON1bits   0x000f7e       data     extern C:\MCC18\SRC\TRADIT~1\PROC\p18f8722.asm
                 BAUDCON2   0x000f7c       data     extern C:\MCC18\SRC\TRADIT~1\PROC\p18f8722.asm
             BAUDCON2bits   0x000f7c       data     extern C:\MCC18\SRC\TRADIT~1\PROC\p18f8722.asm
              BAUDCONbits   0x000f7e       data     extern C:\MCC18\SRC\TRADIT~1\PROC\p18f8722.asm
                      BSR   0x000fe0       data     extern C:\MCC18\SRC\TRADIT~1\PROC\p18f8722.asm
                  CCP1CON   0x000fbd       data     extern C:\MCC18\SRC\TRADIT~1\PROC\p18f8722.asm
              CCP1CONbits   0x000fbd       data     extern C:\MCC18\SRC\TRADIT~1\PROC\p18f8722.asm
                  CCP2CON   0x000fba       data     extern C:\MCC18\SRC\TRADIT~1\PROC\p18f8722.asm
              CCP2CONbits   0x000fba       data     extern C:\MCC18\SRC\TRADIT~1\PROC\p18f8722.asm
                  CCP3CON   0x000fb7       data     extern C:\MCC18\SRC\TRADIT~1\PROC\p18f8722.asm
              CCP3CONbits   0x000fb7       data     extern C:\MCC18\SRC\TRADIT~1\PROC\p18f8722.asm
                  CCP4CON   0x000f73       data     extern C:\MCC18\SRC\TRADIT~1\PROC\p18f8722.asm
              CCP4CONbits   0x000f73       data     extern C:\MCC18\SRC\TRADIT~1\PROC\p18f8722.asm
                  CCP5CON   0x000f70       data     extern C:\MCC18\SRC\TRADIT~1\PROC\p18f8722.asm
              CCP5CONbits   0x000f70       data     extern C:\MCC18\SRC\TRADIT~1\PROC\p18f8722.asm
                    CCPR1   0x000fbe       data     extern C:\MCC18\SRC\TRADIT~1\PROC\p18f8722.asm
                   CCPR1H   0x000fbf       data     extern C:\MCC18\SRC\TRADIT~1\PROC\p18f8722.asm
                   CCPR1L   0x000fbe       data     extern C:\MCC18\SRC\TRADIT~1\PROC\p18f8722.asm
                    CCPR2   0x000fbb       data     extern C:\MCC18\SRC\TRADIT~1\PROC\p18f8722.asm
                   CCPR2H   0x000fbc       data     extern C:\MCC18\SRC\TRADIT~1\PROC\p18f8722.asm
                   CCPR2L   0x000fbb       data     extern C:\MCC18\SRC\TRADIT~1\PROC\p18f8722.asm
                    CCPR3   0x000fb8       data     extern C:\MCC18\SRC\TRADIT~1\PROC\p18f8722.asm
                   CCPR3H   0x000fb9       data     extern C:\MCC18\SRC\TRADIT~1\PROC\p18f8722.asm
                   CCPR3L   0x000fb8       data     extern C:\MCC18\SRC\TRADIT~1\PROC\p18f8722.asm
                    CCPR4   0x000f74       data     extern C:\MCC18\SRC\TRADIT~1\PROC\p18f8722.asm
                   CCPR4H   0x000f75       data     extern C:\MCC18\SRC\TRADIT~1\PROC\p18f8722.asm
                   CCPR4L   0x000f74       data     extern C:\MCC18\SRC\TRADIT~1\PROC\p18f8722.asm
                    CCPR5   0x000f71       data     extern C:\MCC18\SRC\TRADIT~1\PROC\p18f8722.asm
                   CCPR5H   0x000f72       data     extern C:\MCC18\SRC\TRADIT~1\PROC\p18f8722.asm
                   CCPR5L   0x000f71       data     extern C:\MCC18\SRC\TRADIT~1\PROC\p18f8722.asm
                    CMCON   0x000fb4       data     extern C:\MCC18\SRC\TRADIT~1\PROC\p18f8722.asm
                CMCONbits   0x000fb4       data     extern C:\MCC18\SRC\TRADIT~1\PROC\p18f8722.asm
                   CVRCON   0x000fb5       data     extern C:\MCC18\SRC\TRADIT~1\PROC\p18f8722.asm
               CVRCONbits   0x000fb5       data     extern C:\MCC18\SRC\TRADIT~1\PROC\p18f8722.asm
                     DDRA   0x000f92       data     extern C:\MCC18\SRC\TRADIT~1\PROC\p18f8722.asm
                 DDRAbits   0x000f92       data     extern C:\MCC18\SRC\TRADIT~1\PROC\p18f8722.asm
                     DDRB   0x000f93       data     extern C:\MCC18\SRC\TRADIT~1\PROC\p18f8722.asm
                 DDRBbits   0x000f93       data     extern C:\MCC18\SRC\TRADIT~1\PROC\p18f8722.asm
                     DDRC   0x000f94       data     extern C:\MCC18\SRC\TRADIT~1\PROC\p18f8722.asm
                 DDRCbits   0x000f94       data     extern C:\MCC18\SRC\TRADIT~1\PROC\p18f8722.asm
                     DDRD   0x000f95       data     extern C:\MCC18\SRC\TRADIT~1\PROC\p18f8722.asm
                 DDRDbits   0x000f95       data     extern C:\MCC18\SRC\TRADIT~1\PROC\p18f8722.asm
                     DDRE   0x000f96       data     extern C:\MCC18\SRC\TRADIT~1\PROC\p18f8722.asm
                 DDREbits   0x000f96       data     extern C:\MCC18\SRC\TRADIT~1\PROC\p18f8722.asm
                     DDRF   0x000f97       data     extern C:\MCC18\SRC\TRADIT~1\PROC\p18f8722.asm
                 DDRFbits   0x000f97       data     extern C:\MCC18\SRC\TRADIT~1\PROC\p18f8722.asm
                     DDRG   0x000f98       data     extern C:\MCC18\SRC\TRADIT~1\PROC\p18f8722.asm
                 DDRGbits   0x000f98       data     extern C:\MCC18\SRC\TRADIT~1\PROC\p18f8722.asm
                     DDRH   0x000f99       data     extern C:\MCC18\SRC\TRADIT~1\PROC\p18f8722.asm
                 DDRHbits   0x000f99       data     extern C:\MCC18\SRC\TRADIT~1\PROC\p18f8722.asm
                     DDRJ   0x000f9a       data     extern C:\MCC18\SRC\TRADIT~1\PROC\p18f8722.asm
                 DDRJbits   0x000f9a       data     extern C:\MCC18\SRC\TRADIT~1\PROC\p18f8722.asm
                  ECCP1AS   0x000fb6       data     extern C:\MCC18\SRC\TRADIT~1\PROC\p18f8722.asm
              ECCP1ASbits   0x000fb6       data     extern C:\MCC18\SRC\TRADIT~1\PROC\p18f8722.asm
                 ECCP1CON   0x000fbd       data     extern C:\MCC18\SRC\TRADIT~1\PROC\p18f8722.asm
             ECCP1CONbits   0x000fbd       data     extern C:\MCC18\SRC\TRADIT~1\PROC\p18f8722.asm
                 ECCP1DEL   0x000f79       data     extern C:\MCC18\SRC\TRADIT~1\PROC\p18f8722.asm
             ECCP1DELbits   0x000f79       data     extern C:\MCC18\SRC\TRADIT~1\PROC\p18f8722.asm
                  ECCP2AS   0x000f68       data     extern C:\MCC18\SRC\TRADIT~1\PROC\p18f8722.asm
              ECCP2ASbits   0x000f68       data     extern C:\MCC18\SRC\TRADIT~1\PROC\p18f8722.asm
                 ECCP2CON   0x000fba       data     extern C:\MCC18\SRC\TRADIT~1\PROC\p18f8722.asm
             ECCP2CONbits   0x000fba       data     extern C:\MCC18\SRC\TRADIT~1\PROC\p18f8722.asm
                 ECCP2DEL   0x000f67       data     extern C:\MCC18\SRC\TRADIT~1\PROC\p18f8722.asm
             ECCP2DELbits   0x000f67       data     extern C:\MCC18\SRC\TRADIT~1\PROC\p18f8722.asm
                  ECCP3AS   0x000f6a       data     extern C:\MCC18\SRC\TRADIT~1\PROC\p18f8722.asm
              ECCP3ASbits   0x000f6a       data     extern C:\MCC18\SRC\TRADIT~1\PROC\p18f8722.asm
                 ECCP3CON   0x000fb7       data     extern C:\MCC18\SRC\TRADIT~1\PROC\p18f8722.asm
             ECCP3CONbits   0x000fb7       data     extern C:\MCC18\SRC\TRADIT~1\PROC\p18f8722.asm
                 ECCP3DEL   0x000f69       data     extern C:\MCC18\SRC\TRADIT~1\PROC\p18f8722.asm
             ECCP3DELbits   0x000f69       data     extern C:\MCC18\SRC\TRADIT~1\PROC\p18f8722.asm
                    EEADR   0x000fa9       data     extern C:\MCC18\SRC\TRADIT~1\PROC\p18f8722.asm
                   EEADRH   0x000faa       data     extern C:\MCC18\SRC\TRADIT~1\PROC\p18f8722.asm
                   EECON1   0x000fa6       data     extern C:\MCC18\SRC\TRADIT~1\PROC\p18f8722.asm
               EECON1bits   0x000fa6       data     extern C:\MCC18\SRC\TRADIT~1\PROC\p18f8722.asm
                   EECON2   0x000fa7       data     extern C:\MCC18\SRC\TRADIT~1\PROC\p18f8722.asm
                   EEDATA   0x000fa8       data     extern C:\MCC18\SRC\TRADIT~1\PROC\p18f8722.asm
          Encoder_1_Count   0x0002e3       data     extern C:\FIRST\projects\2-27\source\encoder.c
          Encoder_2_Count   0x0002e7       data     extern C:\FIRST\projects\2-27\source\encoder.c
          Encoder_3_Count   0x0002eb       data     extern C:\FIRST\projects\2-27\source\encoder.c
          Encoder_3_State   0x0001ff       data     extern C:\FIRST\projects\2-27\source\encoder.c
                     FSR0   0x000fe9       data     extern C:\MCC18\SRC\TRADIT~1\PROC\p18f8722.asm
                    FSR0H   0x000fea       data     extern C:\MCC18\SRC\TRADIT~1\PROC\p18f8722.asm
                    FSR0L   0x000fe9       data     extern C:\MCC18\SRC\TRADIT~1\PROC\p18f8722.asm
                     FSR1   0x000fe1       data     extern C:\MCC18\SRC\TRADIT~1\PROC\p18f8722.asm
                    FSR1H   0x000fe2       data     extern C:\MCC18\SRC\TRADIT~1\PROC\p18f8722.asm
                    FSR1L   0x000fe1       data     extern C:\MCC18\SRC\TRADIT~1\PROC\p18f8722.asm
                     FSR2   0x000fd9       data     extern C:\MCC18\SRC\TRADIT~1\PROC\p18f8722.asm
                    FSR2H   0x000fda       data     extern C:\MCC18\SRC\TRADIT~1\PROC\p18f8722.asm
                    FSR2L   0x000fd9       data     extern C:\MCC18\SRC\TRADIT~1\PROC\p18f8722.asm
         Gyro_Bias_Status   0x00031b       data     extern C:\FIRST\projects\2-28\source\gyro.c
               Gyro_Queue   0x00007d       data     extern C:\FIRST\projects\2-28\source\gyro.c
         Gyro_Queue_Index   0x00031c       data     extern C:\FIRST\projects\2-28\source\gyro.c
                  HLVDCON   0x000fd2       data     extern C:\MCC18\SRC\TRADIT~1\PROC\p18f8722.asm
              HLVDCONbits   0x000fd2       data     extern C:\MCC18\SRC\TRADIT~1\PROC\p18f8722.asm
                    INDF0   0x000fef       data     extern C:\MCC18\SRC\TRADIT~1\PROC\p18f8722.asm
                    INDF1   0x000fe7       data     extern C:\MCC18\SRC\TRADIT~1\PROC\p18f8722.asm
                    INDF2   0x000fdf       data     extern C:\MCC18\SRC\TRADIT~1\PROC\p18f8722.asm
                   INTCON   0x000ff2       data     extern C:\MCC18\SRC\TRADIT~1\PROC\p18f8722.asm
                  INTCON2   0x000ff1       data     extern C:\MCC18\SRC\TRADIT~1\PROC\p18f8722.asm
              INTCON2bits   0x000ff1       data     extern C:\MCC18\SRC\TRADIT~1\PROC\p18f8722.asm
                  INTCON3   0x000ff0       data     extern C:\MCC18\SRC\TRADIT~1\PROC\p18f8722.asm
              INTCON3bits   0x000ff0       data     extern C:\MCC18\SRC\TRADIT~1\PROC\p18f8722.asm
               INTCONbits   0x000ff2       data     extern C:\MCC18\SRC\TRADIT~1\PROC\p18f8722.asm
                     IPR1   0x000f9f       data     extern C:\MCC18\SRC\TRADIT~1\PROC\p18f8722.asm
                 IPR1bits   0x000f9f       data     extern C:\MCC18\SRC\TRADIT~1\PROC\p18f8722.asm
                     IPR2   0x000fa2       data     extern C:\MCC18\SRC\TRADIT~1\PROC\p18f8722.asm
                 IPR2bits   0x000fa2       data     extern C:\MCC18\SRC\TRADIT~1\PROC\p18f8722.asm
                     IPR3   0x000fa5       data     extern C:\MCC18\SRC\TRADIT~1\PROC\p18f8722.asm
                 IPR3bits   0x000fa5       data     extern C:\MCC18\SRC\TRADIT~1\PROC\p18f8722.asm
                     LATA   0x000f89       data     extern C:\MCC18\SRC\TRADIT~1\PROC\p18f8722.asm
                 LATAbits   0x000f89       data     extern C:\MCC18\SRC\TRADIT~1\PROC\p18f8722.asm
                     LATB   0x000f8a       data     extern C:\MCC18\SRC\TRADIT~1\PROC\p18f8722.asm
                 LATBbits   0x000f8a       data     extern C:\MCC18\SRC\TRADIT~1\PROC\p18f8722.asm
                     LATC   0x000f8b       data     extern C:\MCC18\SRC\TRADIT~1\PROC\p18f8722.asm
                 LATCbits   0x000f8b       data     extern C:\MCC18\SRC\TRADIT~1\PROC\p18f8722.asm
                     LATD   0x000f8c       data     extern C:\MCC18\SRC\TRADIT~1\PROC\p18f8722.asm
                 LATDbits   0x000f8c       data     extern C:\MCC18\SRC\TRADIT~1\PROC\p18f8722.asm
                     LATE   0x000f8d       data     extern C:\MCC18\SRC\TRADIT~1\PROC\p18f8722.asm
                 LATEbits   0x000f8d       data     extern C:\MCC18\SRC\TRADIT~1\PROC\p18f8722.asm
                     LATF   0x000f8e       data     extern C:\MCC18\SRC\TRADIT~1\PROC\p18f8722.asm
                 LATFbits   0x000f8e       data     extern C:\MCC18\SRC\TRADIT~1\PROC\p18f8722.asm
                     LATG   0x000f8f       data     extern C:\MCC18\SRC\TRADIT~1\PROC\p18f8722.asm
                 LATGbits   0x000f8f       data     extern C:\MCC18\SRC\TRADIT~1\PROC\p18f8722.asm
                     LATH   0x000f90       data     extern C:\MCC18\SRC\TRADIT~1\PROC\p18f8722.asm
                 LATHbits   0x000f90       data     extern C:\MCC18\SRC\TRADIT~1\PROC\p18f8722.asm
                     LATJ   0x000f91       data     extern C:\MCC18\SRC\TRADIT~1\PROC\p18f8722.asm
                 LATJbits   0x000f91       data     extern C:\MCC18\SRC\TRADIT~1\PROC\p18f8722.asm
                   LVDCON   0x000fd2       data     extern C:\MCC18\SRC\TRADIT~1\PROC\p18f8722.asm
               LVDCONbits   0x000fd2       data     extern C:\MCC18\SRC\TRADIT~1\PROC\p18f8722.asm
                   MEMCON   0x000f9c       data     extern C:\MCC18\SRC\TRADIT~1\PROC\p18f8722.asm
               MEMCONbits   0x000f9c       data     extern C:\MCC18\SRC\TRADIT~1\PROC\p18f8722.asm
                   OSCCON   0x000fd3       data     extern C:\MCC18\SRC\TRADIT~1\PROC\p18f8722.asm
               OSCCONbits   0x000fd3       data     extern C:\MCC18\SRC\TRADIT~1\PROC\p18f8722.asm
                  OSCTUNE   0x000f9b       data     extern C:\MCC18\SRC\TRADIT~1\PROC\p18f8722.asm
              OSCTUNEbits   0x000f9b       data     extern C:\MCC18\SRC\TRADIT~1\PROC\p18f8722.asm
               Old_Port_B   0x0001fb       data     extern C:\FIRST\projects\2-28\source\ifi_frc.c
                       PC   0x000ff9       data     extern C:\MCC18\SRC\TRADIT~1\PROC\p18f8722.asm
                      PCL   0x000ff9       data     extern C:\MCC18\SRC\TRADIT~1\PROC\p18f8722.asm
                   PCLATH   0x000ffa       data     extern C:\MCC18\SRC\TRADIT~1\PROC\p18f8722.asm
                   PCLATU   0x000ffb       data     extern C:\MCC18\SRC\TRADIT~1\PROC\p18f8722.asm
                     PIE1   0x000f9d       data     extern C:\MCC18\SRC\TRADIT~1\PROC\p18f8722.asm
                 PIE1bits   0x000f9d       data     extern C:\MCC18\SRC\TRADIT~1\PROC\p18f8722.asm
                     PIE2   0x000fa0       data     extern C:\MCC18\SRC\TRADIT~1\PROC\p18f8722.asm
                 PIE2bits   0x000fa0       data     extern C:\MCC18\SRC\TRADIT~1\PROC\p18f8722.asm
                     PIE3   0x000fa3       data     extern C:\MCC18\SRC\TRADIT~1\PROC\p18f8722.asm
                 PIE3bits   0x000fa3       data     extern C:\MCC18\SRC\TRADIT~1\PROC\p18f8722.asm
                     PIR1   0x000f9e       data     extern C:\MCC18\SRC\TRADIT~1\PROC\p18f8722.asm
                 PIR1bits   0x000f9e       data     extern C:\MCC18\SRC\TRADIT~1\PROC\p18f8722.asm
                     PIR2   0x000fa1       data     extern C:\MCC18\SRC\TRADIT~1\PROC\p18f8722.asm
                 PIR2bits   0x000fa1       data     extern C:\MCC18\SRC\TRADIT~1\PROC\p18f8722.asm
                     PIR3   0x000fa4       data     extern C:\MCC18\SRC\TRADIT~1\PROC\p18f8722.asm
                 PIR3bits   0x000fa4       data     extern C:\MCC18\SRC\TRADIT~1\PROC\p18f8722.asm
                   PLUSW0   0x000feb       data     extern C:\MCC18\SRC\TRADIT~1\PROC\p18f8722.asm
                   PLUSW1   0x000fe3       data     extern C:\MCC18\SRC\TRADIT~1\PROC\p18f8722.asm
                   PLUSW2   0x000fdb       data     extern C:\MCC18\SRC\TRADIT~1\PROC\p18f8722.asm
                    PORTA   0x000f80       data     extern C:\MCC18\SRC\TRADIT~1\PROC\p18f8722.asm
                PORTAbits   0x000f80       data     extern C:\MCC18\SRC\TRADIT~1\PROC\p18f8722.asm
                    PORTB   0x000f81       data     extern C:\MCC18\SRC\TRADIT~1\PROC\p18f8722.asm
                PORTBbits   0x000f81       data     extern C:\MCC18\SRC\TRADIT~1\PROC\p18f8722.asm
                    PORTC   0x000f82       data     extern C:\MCC18\SRC\TRADIT~1\PROC\p18f8722.asm
                PORTCbits   0x000f82       data     extern C:\MCC18\SRC\TRADIT~1\PROC\p18f8722.asm
                    PORTD   0x000f83       data     extern C:\MCC18\SRC\TRADIT~1\PROC\p18f8722.asm
                PORTDbits   0x000f83       data     extern C:\MCC18\SRC\TRADIT~1\PROC\p18f8722.asm
                    PORTE   0x000f84       data     extern C:\MCC18\SRC\TRADIT~1\PROC\p18f8722.asm
                PORTEbits   0x000f84       data     extern C:\MCC18\SRC\TRADIT~1\PROC\p18f8722.asm
                    PORTF   0x000f85       data     extern C:\MCC18\SRC\TRADIT~1\PROC\p18f8722.asm
                PORTFbits   0x000f85       data     extern C:\MCC18\SRC\TRADIT~1\PROC\p18f8722.asm
                    PORTG   0x000f86       data     extern C:\MCC18\SRC\TRADIT~1\PROC\p18f8722.asm
                PORTGbits   0x000f86       data     extern C:\MCC18\SRC\TRADIT~1\PROC\p18f8722.asm
                    PORTH   0x000f87       data     extern C:\MCC18\SRC\TRADIT~1\PROC\p18f8722.asm
                PORTHbits   0x000f87       data     extern C:\MCC18\SRC\TRADIT~1\PROC\p18f8722.asm
                    PORTJ   0x000f88       data     extern C:\MCC18\SRC\TRADIT~1\PROC\p18f8722.asm
                PORTJbits   0x000f88       data     extern C:\MCC18\SRC\TRADIT~1\PROC\p18f8722.asm
                 POSTDEC0   0x000fed       data     extern C:\MCC18\SRC\TRADIT~1\PROC\p18f8722.asm
                 POSTDEC1   0x000fe5       data     extern C:\MCC18\SRC\TRADIT~1\PROC\p18f8722.asm
                 POSTDEC2   0x000fdd       data     extern C:\MCC18\SRC\TRADIT~1\PROC\p18f8722.asm
                 POSTINC0   0x000fee       data     extern C:\MCC18\SRC\TRADIT~1\PROC\p18f8722.asm
                 POSTINC1   0x000fe6       data     extern C:\MCC18\SRC\TRADIT~1\PROC\p18f8722.asm
                 POSTINC2   0x000fde       data     extern C:\MCC18\SRC\TRADIT~1\PROC\p18f8722.asm
                      PR2   0x000fcb       data     extern C:\MCC18\SRC\TRADIT~1\PROC\p18f8722.asm
                      PR4   0x000f77       data     extern C:\MCC18\SRC\TRADIT~1\PROC\p18f8722.asm
                  PREINC0   0x000fec       data     extern C:\MCC18\SRC\TRADIT~1\PROC\p18f8722.asm
                  PREINC1   0x000fe4       data     extern C:\MCC18\SRC\TRADIT~1\PROC\p18f8722.asm
                  PREINC2   0x000fdc       data     extern C:\MCC18\SRC\TRADIT~1\PROC\p18f8722.asm
                     PROD   0x000ff3       data     extern C:\MCC18\SRC\TRADIT~1\PROC\p18f8722.asm
                    PRODH   0x000ff4       data     extern C:\MCC18\SRC\TRADIT~1\PROC\p18f8722.asm
                    PRODL   0x000ff3       data     extern C:\MCC18\SRC\TRADIT~1\PROC\p18f8722.asm
                   PSPCON   0x000fb0       data     extern C:\MCC18\SRC\TRADIT~1\PROC\p18f8722.asm
               PSPCONbits   0x000fb0       data     extern C:\MCC18\SRC\TRADIT~1\PROC\p18f8722.asm
                     RCON   0x000fd0       data     extern C:\MCC18\SRC\TRADIT~1\PROC\p18f8722.asm
                 RCONbits   0x000fd0       data     extern C:\MCC18\SRC\TRADIT~1\PROC\p18f8722.asm
                    RCREG   0x000fae       data     extern C:\MCC18\SRC\TRADIT~1\PROC\p18f8722.asm
                   RCREG1   0x000fae       data     extern C:\MCC18\SRC\TRADIT~1\PROC\p18f8722.asm
                   RCREG2   0x000f6e       data     extern C:\MCC18\SRC\TRADIT~1\PROC\p18f8722.asm
                    RCSTA   0x000fab       data     extern C:\MCC18\SRC\TRADIT~1\PROC\p18f8722.asm
                   RCSTA1   0x000fab       data     extern C:\MCC18\SRC\TRADIT~1\PROC\p18f8722.asm
               RCSTA1bits   0x000fab       data     extern C:\MCC18\SRC\TRADIT~1\PROC\p18f8722.asm
                   RCSTA2   0x000f6b       data     extern C:\MCC18\SRC\TRADIT~1\PROC\p18f8722.asm
               RCSTA2bits   0x000f6b       data     extern C:\MCC18\SRC\TRADIT~1\PROC\p18f8722.asm
                RCSTAbits   0x000fab       data     extern C:\MCC18\SRC\TRADIT~1\PROC\p18f8722.asm
      RX_1_Framing_Errors   0x0001d4       data     extern C:\FIRST\projects\2-27\source\serial_ports.c
      RX_1_Overrun_Errors   0x0001d3       data     extern C:\FIRST\projects\2-27\source\serial_ports.c
      RX_2_Framing_Errors   0x0001e0       data     extern C:\FIRST\projects\2-27\source\serial_ports.c
      RX_2_Overrun_Errors   0x0001df       data     extern C:\FIRST\projects\2-27\source\serial_ports.c
               Rx_1_Queue   0x000200       data     extern C:\FIRST\projects\2-27\source\serial_ports.c
    Rx_1_Queue_Byte_Count   0x0001d2       data     extern C:\FIRST\projects\2-27\source\serial_ports.c
         Rx_1_Queue_Empty   0x0001cf       data     extern C:\FIRST\projects\2-27\source\serial_ports.c
          Rx_1_Queue_Full   0x0001ce       data     extern C:\FIRST\projects\2-27\source\serial_ports.c
    Rx_1_Queue_Read_Index   0x0001d0       data     extern C:\FIRST\projects\2-27\source\serial_ports.c
   Rx_1_Queue_Write_Index   0x0001d1       data     extern C:\FIRST\projects\2-27\source\serial_ports.c
               Rx_2_Queue   0x000240       data     extern C:\FIRST\projects\2-27\source\serial_ports.c
    Rx_2_Queue_Byte_Count   0x0001de       data     extern C:\FIRST\projects\2-27\source\serial_ports.c
         Rx_2_Queue_Empty   0x0001db       data     extern C:\FIRST\projects\2-27\source\serial_ports.c
          Rx_2_Queue_Full   0x0001da       data     extern C:\FIRST\projects\2-27\source\serial_ports.c
    Rx_2_Queue_Read_Index   0x0001dc       data     extern C:\FIRST\projects\2-27\source\serial_ports.c
   Rx_2_Queue_Write_Index   0x0001dd       data     extern C:\FIRST\projects\2-27\source\serial_ports.c
                     SIGN   0x000000       data     extern C:\MCC18\SRC\TRADIT~1\MATH\cmath18.asm
                    SPBRG   0x000faf       data     extern C:\MCC18\SRC\TRADIT~1\PROC\p18f8722.asm
                   SPBRG1   0x000faf       data     extern C:\MCC18\SRC\TRADIT~1\PROC\p18f8722.asm
                   SPBRG2   0x000f6f       data     extern C:\MCC18\SRC\TRADIT~1\PROC\p18f8722.asm
                   SPBRGH   0x000f7f       data     extern C:\MCC18\SRC\TRADIT~1\PROC\p18f8722.asm
                  SPBRGH1   0x000f7f       data     extern C:\MCC18\SRC\TRADIT~1\PROC\p18f8722.asm
                  SPBRGH2   0x000f7d       data     extern C:\MCC18\SRC\TRADIT~1\PROC\p18f8722.asm
          SPI_Rx_Buffer_0   0x000140       data     extern C:\2008 FRC\frc_library\ifi_frc_library.c
          SPI_Rx_Buffer_1   0x000160       data     extern C:\2008 FRC\frc_library\ifi_frc_library.c
          SPI_Tx_Buffer_0   0x000100       data     extern C:\2008 FRC\frc_library\ifi_frc_library.c
          SPI_Tx_Buffer_1   0x000120       data     extern C:\2008 FRC\frc_library\ifi_frc_library.c
                  SSP1ADD   0x000fc8       data     extern C:\MCC18\SRC\TRADIT~1\PROC\p18f8722.asm
                  SSP1BUF   0x000fc9       data     extern C:\MCC18\SRC\TRADIT~1\PROC\p18f8722.asm
                 SSP1CON1   0x000fc6       data     extern C:\MCC18\SRC\TRADIT~1\PROC\p18f8722.asm
             SSP1CON1bits   0x000fc6       data     extern C:\MCC18\SRC\TRADIT~1\PROC\p18f8722.asm
                 SSP1CON2   0x000fc5       data     extern C:\MCC18\SRC\TRADIT~1\PROC\p18f8722.asm
             SSP1CON2bits   0x000fc5       data     extern C:\MCC18\SRC\TRADIT~1\PROC\p18f8722.asm
                 SSP1STAT   0x000fc7       data     extern C:\MCC18\SRC\TRADIT~1\PROC\p18f8722.asm
             SSP1STATbits   0x000fc7       data     extern C:\MCC18\SRC\TRADIT~1\PROC\p18f8722.asm
                  SSP2ADD   0x000f65       data     extern C:\MCC18\SRC\TRADIT~1\PROC\p18f8722.asm
                  SSP2BUF   0x000f66       data     extern C:\MCC18\SRC\TRADIT~1\PROC\p18f8722.asm
                 SSP2CON1   0x000f63       data     extern C:\MCC18\SRC\TRADIT~1\PROC\p18f8722.asm
             SSP2CON1bits   0x000f63       data     extern C:\MCC18\SRC\TRADIT~1\PROC\p18f8722.asm
                 SSP2CON2   0x000f62       data     extern C:\MCC18\SRC\TRADIT~1\PROC\p18f8722.asm
             SSP2CON2bits   0x000f62       data     extern C:\MCC18\SRC\TRADIT~1\PROC\p18f8722.asm
                 SSP2STAT   0x000f64       data     extern C:\MCC18\SRC\TRADIT~1\PROC\p18f8722.asm
             SSP2STATbits   0x000f64       data     extern C:\MCC18\SRC\TRADIT~1\PROC\p18f8722.asm
                   SSPADD   0x000fc8       data     extern C:\MCC18\SRC\TRADIT~1\PROC\p18f8722.asm
                   SSPBUF   0x000fc9       data     extern C:\MCC18\SRC\TRADIT~1\PROC\p18f8722.asm
                  SSPCON1   0x000fc6       data     extern C:\MCC18\SRC\TRADIT~1\PROC\p18f8722.asm
              SSPCON1bits   0x000fc6       data     extern C:\MCC18\SRC\TRADIT~1\PROC\p18f8722.asm
                  SSPCON2   0x000fc5       data     extern C:\MCC18\SRC\TRADIT~1\PROC\p18f8722.asm
              SSPCON2bits   0x000fc5       data     extern C:\MCC18\SRC\TRADIT~1\PROC\p18f8722.asm
                  SSPSTAT   0x000fc7       data     extern C:\MCC18\SRC\TRADIT~1\PROC\p18f8722.asm
              SSPSTATbits   0x000fc7       data     extern C:\MCC18\SRC\TRADIT~1\PROC\p18f8722.asm
                   STATUS   0x000fd8       data     extern C:\MCC18\SRC\TRADIT~1\PROC\p18f8722.asm
               STATUSbits   0x000fd8       data     extern C:\MCC18\SRC\TRADIT~1\PROC\p18f8722.asm
                   STKPTR   0x000ffc       data     extern C:\MCC18\SRC\TRADIT~1\PROC\p18f8722.asm
               STKPTRbits   0x000ffc       data     extern C:\MCC18\SRC\TRADIT~1\PROC\p18f8722.asm
                    T0CON   0x000fd5       data     extern C:\MCC18\SRC\TRADIT~1\PROC\p18f8722.asm
                T0CONbits   0x000fd5       data     extern C:\MCC18\SRC\TRADIT~1\PROC\p18f8722.asm
                    T1CON   0x000fcd       data     extern C:\MCC18\SRC\TRADIT~1\PROC\p18f8722.asm
                T1CONbits   0x000fcd       data     extern C:\MCC18\SRC\TRADIT~1\PROC\p18f8722.asm
                    T2CON   0x000fca       data     extern C:\MCC18\SRC\TRADIT~1\PROC\p18f8722.asm
                T2CONbits   0x000fca       data     extern C:\MCC18\SRC\TRADIT~1\PROC\p18f8722.asm
                    T3CON   0x000fb1       data     extern C:\MCC18\SRC\TRADIT~1\PROC\p18f8722.asm
                T3CONbits   0x000fb1       data     extern C:\MCC18\SRC\TRADIT~1\PROC\p18f8722.asm
                    T4CON   0x000f76       data     extern C:\MCC18\SRC\TRADIT~1\PROC\p18f8722.asm
                T4CONbits   0x000f76       data     extern C:\MCC18\SRC\TRADIT~1\PROC\p18f8722.asm
                   TABLAT   0x000ff5       data     extern C:\MCC18\SRC\TRADIT~1\PROC\p18f8722.asm
                   TBLPTR   0x000ff6       data     extern C:\MCC18\SRC\TRADIT~1\PROC\p18f8722.asm
                  TBLPTRH   0x000ff7       data     extern C:\MCC18\SRC\TRADIT~1\PROC\p18f8722.asm
                  TBLPTRL   0x000ff6       data     extern C:\MCC18\SRC\TRADIT~1\PROC\p18f8722.asm
                  TBLPTRU   0x000ff8       data     extern C:\MCC18\SRC\TRADIT~1\PROC\p18f8722.asm
                    TMR0H   0x000fd7       data     extern C:\MCC18\SRC\TRADIT~1\PROC\p18f8722.asm
                    TMR0L   0x000fd6       data     extern C:\MCC18\SRC\TRADIT~1\PROC\p18f8722.asm
                    TMR1H   0x000fcf       data     extern C:\MCC18\SRC\TRADIT~1\PROC\p18f8722.asm
                    TMR1L   0x000fce       data     extern C:\MCC18\SRC\TRADIT~1\PROC\p18f8722.asm
                     TMR2   0x000fcc       data     extern C:\MCC18\SRC\TRADIT~1\PROC\p18f8722.asm
                    TMR3H   0x000fb3       data     extern C:\MCC18\SRC\TRADIT~1\PROC\p18f8722.asm
                    TMR3L   0x000fb2       data     extern C:\MCC18\SRC\TRADIT~1\PROC\p18f8722.asm
                     TMR4   0x000f78       data     extern C:\MCC18\SRC\TRADIT~1\PROC\p18f8722.asm
                      TOS   0x000ffd       data     extern C:\MCC18\SRC\TRADIT~1\PROC\p18f8722.asm
                     TOSH   0x000ffe       data     extern C:\MCC18\SRC\TRADIT~1\PROC\p18f8722.asm
                     TOSL   0x000ffd       data     extern C:\MCC18\SRC\TRADIT~1\PROC\p18f8722.asm
                     TOSU   0x000fff       data     extern C:\MCC18\SRC\TRADIT~1\PROC\p18f8722.asm
                    TRISA   0x000f92       data     extern C:\MCC18\SRC\TRADIT~1\PROC\p18f8722.asm
                TRISAbits   0x000f92       data     extern C:\MCC18\SRC\TRADIT~1\PROC\p18f8722.asm
                    TRISB   0x000f93       data     extern C:\MCC18\SRC\TRADIT~1\PROC\p18f8722.asm
                TRISBbits   0x000f93       data     extern C:\MCC18\SRC\TRADIT~1\PROC\p18f8722.asm
                    TRISC   0x000f94       data     extern C:\MCC18\SRC\TRADIT~1\PROC\p18f8722.asm
                TRISCbits   0x000f94       data     extern C:\MCC18\SRC\TRADIT~1\PROC\p18f8722.asm
                    TRISD   0x000f95       data     extern C:\MCC18\SRC\TRADIT~1\PROC\p18f8722.asm
                TRISDbits   0x000f95       data     extern C:\MCC18\SRC\TRADIT~1\PROC\p18f8722.asm
                    TRISE   0x000f96       data     extern C:\MCC18\SRC\TRADIT~1\PROC\p18f8722.asm
                TRISEbits   0x000f96       data     extern C:\MCC18\SRC\TRADIT~1\PROC\p18f8722.asm
                    TRISF   0x000f97       data     extern C:\MCC18\SRC\TRADIT~1\PROC\p18f8722.asm
                TRISFbits   0x000f97       data     extern C:\MCC18\SRC\TRADIT~1\PROC\p18f8722.asm
                    TRISG   0x000f98       data     extern C:\MCC18\SRC\TRADIT~1\PROC\p18f8722.asm
                TRISGbits   0x000f98       data     extern C:\MCC18\SRC\TRADIT~1\PROC\p18f8722.asm
                    TRISH   0x000f99       data     extern C:\MCC18\SRC\TRADIT~1\PROC\p18f8722.asm
                TRISHbits   0x000f99       data     extern C:\MCC18\SRC\TRADIT~1\PROC\p18f8722.asm
                    TRISJ   0x000f9a       data     extern C:\MCC18\SRC\TRADIT~1\PROC\p18f8722.asm
                TRISJbits   0x000f9a       data     extern C:\MCC18\SRC\TRADIT~1\PROC\p18f8722.asm
                    TXREG   0x000fad       data     extern C:\MCC18\SRC\TRADIT~1\PROC\p18f8722.asm
                   TXREG1   0x000fad       data     extern C:\MCC18\SRC\TRADIT~1\PROC\p18f8722.asm
                   TXREG2   0x000f6d       data     extern C:\MCC18\SRC\TRADIT~1\PROC\p18f8722.asm
                    TXSTA   0x000fac       data     extern C:\MCC18\SRC\TRADIT~1\PROC\p18f8722.asm
                   TXSTA1   0x000fac       data     extern C:\MCC18\SRC\TRADIT~1\PROC\p18f8722.asm
               TXSTA1bits   0x000fac       data     extern C:\MCC18\SRC\TRADIT~1\PROC\p18f8722.asm
                   TXSTA2   0x000f6c       data     extern C:\MCC18\SRC\TRADIT~1\PROC\p18f8722.asm
               TXSTA2bits   0x000f6c       data     extern C:\MCC18\SRC\TRADIT~1\PROC\p18f8722.asm
                TXSTAbits   0x000fac       data     extern C:\MCC18\SRC\TRADIT~1\PROC\p18f8722.asm
               Tx_1_Queue   0x000220       data     extern C:\FIRST\projects\2-27\source\serial_ports.c
    Tx_1_Queue_Byte_Count   0x0001d9       data     extern C:\FIRST\projects\2-27\source\serial_ports.c
         Tx_1_Queue_Empty   0x0001d6       data     extern C:\FIRST\projects\2-27\source\serial_ports.c
          Tx_1_Queue_Full   0x0001d5       data     extern C:\FIRST\projects\2-27\source\serial_ports.c
    Tx_1_Queue_Read_Index   0x0001d7       data     extern C:\FIRST\projects\2-27\source\serial_ports.c
   Tx_1_Queue_Write_Index   0x0001d8       data     extern C:\FIRST\projects\2-27\source\serial_ports.c
               Tx_2_Queue   0x000260       data     extern C:\FIRST\projects\2-27\source\serial_ports.c
    Tx_2_Queue_Byte_Count   0x0001e5       data     extern C:\FIRST\projects\2-27\source\serial_ports.c
         Tx_2_Queue_Empty   0x0001e2       data     extern C:\FIRST\projects\2-27\source\serial_ports.c
          Tx_2_Queue_Full   0x0001e1       data     extern C:\FIRST\projects\2-27\source\serial_ports.c
    Tx_2_Queue_Read_Index   0x0001e3       data     extern C:\FIRST\projects\2-27\source\serial_ports.c
   Tx_2_Queue_Write_Index   0x0001e4       data     extern C:\FIRST\projects\2-27\source\serial_ports.c
                   WDTCON   0x000fd1       data     extern C:\MCC18\SRC\TRADIT~1\PROC\p18f8722.asm
               WDTCONbits   0x000fd1       data     extern C:\MCC18\SRC\TRADIT~1\PROC\p18f8722.asm
                     WREG   0x000fe8       data     extern C:\MCC18\SRC\TRADIT~1\PROC\p18f8722.asm
                 __AARGB0   0x000009       data     extern C:\MCC18\SRC\TRADIT~1\MATH\aarg.asm
                 __AARGB1   0x000008       data     extern C:\MCC18\SRC\TRADIT~1\MATH\aarg.asm
                 __AARGB2   0x000007       data     extern C:\MCC18\SRC\TRADIT~1\MATH\aarg.asm
                 __AARGB3   0x000006       data     extern C:\MCC18\SRC\TRADIT~1\MATH\aarg.asm
                 __AARGB4   0x000005       data     extern C:\MCC18\SRC\TRADIT~1\MATH\aarg.asm
                 __AARGB5   0x000004       data     extern C:\MCC18\SRC\TRADIT~1\MATH\aarg.asm
                 __AARGB6   0x000003       data     extern C:\MCC18\SRC\TRADIT~1\MATH\aarg.asm
                 __AARGB7   0x000002       data     extern C:\MCC18\SRC\TRADIT~1\MATH\aarg.asm
                   __AEXP   0x00000a       data     extern C:\MCC18\SRC\TRADIT~1\MATH\aarg.asm
                 __BARGB0   0x00000e       data     extern C:\MCC18\SRC\TRADIT~1\MATH\barg.asm
                 __BARGB1   0x00000d       data     extern C:\MCC18\SRC\TRADIT~1\MATH\barg.asm
                 __BARGB2   0x00000c       data     extern C:\MCC18\SRC\TRADIT~1\MATH\barg.asm
                 __BARGB3   0x00000b       data     extern C:\MCC18\SRC\TRADIT~1\MATH\barg.asm
                   __BEXP   0x00000f       data     extern C:\MCC18\SRC\TRADIT~1\MATH\barg.asm
                __FPFLAGS   0x000001       data     extern C:\MCC18\SRC\TRADIT~1\MATH\cmath18.asm
            __FPFLAGSbits   0x000001       data     extern C:\MCC18\SRC\TRADIT~1\MATH\cmath18.asm
                  __REMB0   0x000005       data     extern C:\MCC18\SRC\TRADIT~1\MATH\aarg.asm
                  __REMB1   0x000004       data     extern C:\MCC18\SRC\TRADIT~1\MATH\aarg.asm
                  __REMB2   0x000003       data     extern C:\MCC18\SRC\TRADIT~1\MATH\aarg.asm
                  __REMB3   0x000002       data     extern C:\MCC18\SRC\TRADIT~1\MATH\aarg.asm
                   __TEMP   0x000013       data     extern C:\MCC18\SRC\TRADIT~1\MATH\temparg.asm
                 __TEMPB0   0x000013       data     extern C:\MCC18\SRC\TRADIT~1\MATH\temparg.asm
                 __TEMPB1   0x000012       data     extern C:\MCC18\SRC\TRADIT~1\MATH\temparg.asm
                 __TEMPB2   0x000011       data     extern C:\MCC18\SRC\TRADIT~1\MATH\temparg.asm
                 __TEMPB3   0x000010       data     extern C:\MCC18\SRC\TRADIT~1\MATH\temparg.asm
                  __tmp_0   0x000014       data     static C:\MCC18\src\TRADIT~1\stdclib\printf.c
                  __tmp_0   0x000014       data     static C:\MCC18\src\TRADIT~1\stdclib\vfprintf.c
                  __tmp_0   0x000014       data     static C:\MCC18\src\TRADIT~1\stdclib\putc.c
                  __tmp_0   0x000014       data     static C:\FIRST\projects\2-28\source\teleop.c
                  __tmp_0   0x000014       data     static C:\FIRST\projects\2-27\source\robot.c
                  __tmp_0   0x000014       data     static C:\FIRST\projects\2-28\source\adc.c
                  __tmp_0   0x000014       data     static C:\FIRST\projects\2-28\source\drive.c
                  __tmp_0   0x000014       data     static C:\FIRST\projects\2-27\source\pwm.c
                  __tmp_0   0x000014       data     static C:\FIRST\projects\2-27\source\pid.c
                  __tmp_0   0x000014       data     static C:\FIRST\projects\2-28\source\launcher.c
                  __tmp_0   0x000014       data     static C:\FIRST\projects\2-28\source\gyro.c
                  __tmp_0   0x000014       data     static C:\FIRST\projects\2-27\source\ifi_code.c
                  __tmp_1   0x000020       data     static C:\FIRST\projects\2-28\source\adc.c
                    accum   0x0002c3       data     extern C:\FIRST\projects\2-28\source\adc.c
              accumulator   0x000079       data     extern C:\FIRST\projects\2-28\source\gyro.c
               adc_result   0x0002cb       data     extern C:\FIRST\projects\2-28\source\adc.c
       adc_result_divisor   0x0002c2       data     extern C:\FIRST\projects\2-28\source\adc.c
          adc_sample_rate   0x0002bd       data     extern C:\FIRST\projects\2-28\source\adc.c
   adc_samples_per_update   0x0002bf       data     extern C:\FIRST\projects\2-28\source\adc.c
         adc_update_count   0x0002ff       data     extern C:\FIRST\projects\2-28\source\adc.c
angle_correction_denominator   0x000074       data     extern C:\FIRST\projects\2-28\source\gyro.c
angle_correction_numerator   0x000070       data     extern C:\FIRST\projects\2-28\source\gyro.c
            angular_gains   0x0002a4       data     extern C:\FIRST\projects\2-28\source\drive.c
         angular_position   0x000286       data     extern C:\FIRST\projects\2-28\source\drive.c
     autonomous_init_flag   0x0001fd       data     static C:\FIRST\projects\2-28\source\ifi_frc.c
                    brake   0x0002e1       data     static C:\FIRST\projects\2-28\source\launcher.c
              brake_ticks   0x0002de       data     static C:\FIRST\projects\2-28\source\launcher.c
           brakes_engaged   0x000285       data     extern C:\FIRST\projects\2-28\source\drive.c
                 c_launch   0x0002f3       data     static C:\FIRST\projects\2-28\source\drive.c
                   c_left   0x0002f5       data     static C:\FIRST\projects\2-28\source\drive.c
              c_left_last   0x0002f9       data     static C:\FIRST\projects\2-28\source\drive.c
                    c_pot   0x0002b9       data     static C:\FIRST\projects\2-28\source\drive.c
                  c_right   0x0002f7       data     static C:\FIRST\projects\2-28\source\drive.c
                cal_ticks   0x0002df       data     static C:\FIRST\projects\2-28\source\launcher.c
           calc_gyro_bias   0x000078       data     extern C:\FIRST\projects\2-28\source\gyro.c
                  channel   0x0002d1       data     extern C:\FIRST\projects\2-28\source\adc.c
                 controls   0x000300       data     extern C:\FIRST\projects\2-27\source\robot.c
                    count   0x00018a       data     static C:\2008 FRC\frc_library\ifi_frc_library.c
               crap_ticks   0x0002e2       data     static C:\FIRST\projects\2-28\source\launcher.c
             cur_distance   0x0002f1       data     static C:\FIRST\projects\2-28\source\drive.c
                curr_byte   0x00030e       data     static C:\FIRST\projects\2-28\source\ifi_frc.c
               curr_entry   0x000310       data     static C:\FIRST\projects\2-28\source\ifi_frc.c
        current_auto_mode   0x000315       data     extern C:\FIRST\projects\2-27\source\robot.c
                 data_ptr   0x000312       data     static C:\FIRST\projects\2-28\source\ifi_frc.c
       disabled_init_flag   0x0001fc       data     static C:\FIRST\projects\2-28\source\ifi_frc.c
                     done   0x00031a       data     static C:\FIRST\projects\2-27\source\robot.c
        drive_initialized   0x000284       data     extern C:\FIRST\projects\2-28\source\drive.c
                     gear   0x0002ef       data     extern C:\FIRST\projects\2-28\source\drive.c
           good_to_launch   0x0002d3       data     extern C:\FIRST\projects\2-28\source\launcher.c
               gyro_angle   0x000064       data     extern C:\FIRST\projects\2-28\source\gyro.c
                gyro_bias   0x000060       data     extern C:\FIRST\projects\2-28\source\gyro.c
                gyro_rate   0x000062       data     extern C:\FIRST\projects\2-28\source\gyro.c
          home_lock_ticks   0x0002e0       data     static C:\FIRST\projects\2-28\source\launcher.c
                        i   0x000316       data     static C:\FIRST\projects\2-27\source\robot.c
                        j   0x000318       data     static C:\FIRST\projects\2-27\source\robot.c
                 joystick   0x0002d8       data     static C:\FIRST\projects\2-28\source\launcher.c
                   l_temp   0x0002bb       data     static C:\FIRST\projects\2-28\source\drive.c
             launch_stick   0x0000fd       data     static C:\FIRST\projects\2-28\source\teleop.c
                 launcher   0x0001ec       data     extern C:\FIRST\projects\2-28\source\launcher.c
             launcher_pot   0x0001ea       data     extern C:\FIRST\projects\2-28\source\launcher.c
         launcher_pot_old   0x0002d6       data     static C:\FIRST\projects\2-28\source\launcher.c
            limited_value   0x0002fb       data     static C:\FIRST\projects\2-27\source\ifi_code.c
             linear_gains   0x0002ae       data     extern C:\FIRST\projects\2-28\source\drive.c
          linear_position   0x000295       data     extern C:\FIRST\projects\2-28\source\drive.c
                  motor_g   0x0001e8       data     extern C:\FIRST\projects\2-28\source\launcher.c
                  motor_l   0x0001e6       data     extern C:\FIRST\projects\2-28\source\launcher.c
         num_adc_channels   0x0002c1       data     extern C:\FIRST\projects\2-28\source\adc.c
                old_wheel   0x0002b8       data     static C:\FIRST\projects\2-28\source\drive.c
              orientation   0x0002f0       data     extern C:\FIRST\projects\2-28\source\drive.c
                      out   0x0000ff       data     static C:\FIRST\projects\2-28\source\teleop.c
               pot_bottom   0x0002dc       data     static C:\FIRST\projects\2-28\source\launcher.c
                  pot_top   0x0002da       data     static C:\FIRST\projects\2-28\source\launcher.c
                     prom   0x00030b       data     static C:\FIRST\projects\2-28\source\ifi_frc.c
                   r_temp   0x0002bc       data     static C:\FIRST\projects\2-28\source\drive.c
rate_correction_denominator   0x00006c       data     extern C:\FIRST\projects\2-28\source\gyro.c
rate_correction_numerator   0x000068       data     extern C:\FIRST\projects\2-28\source\gyro.c
                    rxPtr   0x000182       data     static C:\2008 FRC\frc_library\ifi_frc_library.c
                   rxdata   0x0001ac       data     extern C:\2008 FRC\frc_library\ifi_frc_library.c
                rxferbufr   0x000188       data     static C:\2008 FRC\frc_library\ifi_frc_library.c
                  samples   0x0002cf       data     extern C:\FIRST\projects\2-28\source\adc.c
                    state   0x0002d4       data     static C:\FIRST\projects\2-28\source\launcher.c
               statusflag   0x0001cc       data     extern C:\2008 FRC\frc_library\ifi_frc_library.c
                   stdout   0x0002fd       data     extern C:\MCC18\src\TRADIT~1\stdclib\stdout.c
       stdout_serial_port   0x0001cd       data     extern C:\FIRST\projects\2-27\source\serial_ports.c
         teleop_init_flag   0x0001fe       data     static C:\FIRST\projects\2-28\source\ifi_frc.c
                     temp   0x00018b       data     static C:\2008 FRC\frc_library\ifi_frc_library.c
                    ticks   0x00031d       data     static C:\FIRST\projects\2-27\source\autonomous.c
                    ticks   0x0002d2       data     extern C:\FIRST\projects\2-28\source\launcher.c
                    txPtr   0x000184       data     static C:\2008 FRC\frc_library\ifi_frc_library.c
                   txdata   0x00018c       data     extern C:\2008 FRC\frc_library\ifi_frc_library.c
                txferbufr   0x000186       data     static C:\2008 FRC\frc_library\ifi_frc_library.c
                  wheel_l   0x000280       data     extern C:\FIRST\projects\2-28\source\drive.c
                  wheel_r   0x000282       data     extern C:\FIRST\projects\2-28\source\drive.c
                 xferbufr   0x000180       data     static C:\2008 FRC\frc_library\ifi_frc_library.c



                              Symbols - Sorted by Address
[...]
                 DDRCbits   0x000f94       data     extern C:\MCC18\SRC\TRADIT~1\PROC\p18f8722.asm
                TRISCbits   0x000f94       data     extern C:\MCC18\SRC\TRADIT~1\PROC\p18f8722.asm
                    TRISC   0x000f94       data     extern C:\MCC18\SRC\TRADIT~1\PROC\p18f8722.asm
                    TRISD   0x000f95       data     extern C:\MCC18\SRC\TRADIT~1\PROC\p18f8722.asm
                 DDRDbits   0x000f95       data     extern C:\MCC18\SRC\TRADIT~1\PROC\p18f8722.asm
                     DDRD   0x000f95       data     extern C:\MCC18\SRC\TRADIT~1\PROC\p18f8722.asm
                TRISDbits   0x000f95       data     extern C:\MCC18\SRC\TRADIT~1\PROC\p18f8722.asm
                 DDREbits   0x000f96       data     extern C:\MCC18\SRC\TRADIT~1\PROC\p18f8722.asm
                    TRISE   0x000f96       data     extern C:\MCC18\SRC\TRADIT~1\PROC\p18f8722.asm
                TRISEbits   0x000f96       data     extern C:\MCC18\SRC\TRADIT~1\PROC\p18f8722.asm
                     DDRE   0x000f96       data     extern C:\MCC18\SRC\TRADIT~1\PROC\p18f8722.asm
                    TRISF   0x000f97       data     extern C:\MCC18\SRC\TRADIT~1\PROC\p18f8722.asm
                 DDRFbits   0x000f97       data     extern C:\MCC18\SRC\TRADIT~1\PROC\p18f8722.asm
                TRISFbits   0x000f97       data     extern C:\MCC18\SRC\TRADIT~1\PROC\p18f8722.asm
                     DDRF   0x000f97       data     extern C:\MCC18\SRC\TRADIT~1\PROC\p18f8722.asm
                     DDRG   0x000f98       data     extern C:\MCC18\SRC\TRADIT~1\PROC\p18f8722.asm
                TRISGbits   0x000f98       data     extern C:\MCC18\SRC\TRADIT~1\PROC\p18f8722.asm
                    TRISG   0x000f98       data     extern C:\MCC18\SRC\TRADIT~1\PROC\p18f8722.asm
                 DDRGbits   0x000f98       data     extern C:\MCC18\SRC\TRADIT~1\PROC\p18f8722.asm
                TRISHbits   0x000f99       data     extern C:\MCC18\SRC\TRADIT~1\PROC\p18f8722.asm
                    TRISH   0x000f99       data     extern C:\MCC18\SRC\TRADIT~1\PROC\p18f8722.asm
                 DDRHbits   0x000f99       data     extern C:\MCC18\SRC\TRADIT~1\PROC\p18f8722.asm
                     DDRH   0x000f99       data     extern C:\MCC18\SRC\TRADIT~1\PROC\p18f8722.asm
                TRISJbits   0x000f9a       data     extern C:\MCC18\SRC\TRADIT~1\PROC\p18f8722.asm
                    TRISJ   0x000f9a       data     extern C:\MCC18\SRC\TRADIT~1\PROC\p18f8722.asm
                 DDRJbits   0x000f9a       data     extern C:\MCC18\SRC\TRADIT~1\PROC\p18f8722.asm
                     DDRJ   0x000f9a       data     extern C:\MCC18\SRC\TRADIT~1\PROC\p18f8722.asm
              OSCTUNEbits   0x000f9b       data     extern C:\MCC18\SRC\TRADIT~1\PROC\p18f8722.asm
                  OSCTUNE   0x000f9b       data     extern C:\MCC18\SRC\TRADIT~1\PROC\p18f8722.asm
               MEMCONbits   0x000f9c       data     extern C:\MCC18\SRC\TRADIT~1\PROC\p18f8722.asm
                   MEMCON   0x000f9c       data     extern C:\MCC18\SRC\TRADIT~1\PROC\p18f8722.asm
                 PIE1bits   0x000f9d       data     extern C:\MCC18\SRC\TRADIT~1\PROC\p18f8722.asm
                     PIE1   0x000f9d       data     extern C:\MCC18\SRC\TRADIT~1\PROC\p18f8722.asm
                     PIR1   0x000f9e       data     extern C:\MCC18\SRC\TRADIT~1\PROC\p18f8722.asm
                 PIR1bits   0x000f9e       data     extern C:\MCC18\SRC\TRADIT~1\PROC\p18f8722.asm
                     IPR1   0x000f9f       data     extern C:\MCC18\SRC\TRADIT~1\PROC\p18f8722.asm
                 IPR1bits   0x000f9f       data     extern C:\MCC18\SRC\TRADIT~1\PROC\p18f8722.asm
                     PIE2   0x000fa0       data     extern C:\MCC18\SRC\TRADIT~1\PROC\p18f8722.asm
                 PIE2bits   0x000fa0       data     extern C:\MCC18\SRC\TRADIT~1\PROC\p18f8722.asm
                     PIR2   0x000fa1       data     extern C:\MCC18\SRC\TRADIT~1\PROC\p18f8722.asm
                 PIR2bits   0x000fa1       data     extern C:\MCC18\SRC\TRADIT~1\PROC\p18f8722.asm
                 IPR2bits   0x000fa2       data     extern C:\MCC18\SRC\TRADIT~1\PROC\p18f8722.asm
                     IPR2   0x000fa2       data     extern C:\MCC18\SRC\TRADIT~1\PROC\p18f8722.asm
                 PIE3bits   0x000fa3       data     extern C:\MCC18\SRC\TRADIT~1\PROC\p18f8722.asm
                     PIE3   0x000fa3       data     extern C:\MCC18\SRC\TRADIT~1\PROC\p18f8722.asm
                     PIR3   0x000fa4       data     extern C:\MCC18\SRC\TRADIT~1\PROC\p18f8722.asm
                 PIR3bits   0x000fa4       data     extern C:\MCC18\SRC\TRADIT~1\PROC\p18f8722.asm
                 IPR3bits   0x000fa5       data     extern C:\MCC18\SRC\TRADIT~1\PROC\p18f8722.asm
                     IPR3   0x000fa5       data     extern C:\MCC18\SRC\TRADIT~1\PROC\p18f8722.asm
                   EECON1   0x000fa6       data     extern C:\MCC18\SRC\TRADIT~1\PROC\p18f8722.asm
               EECON1bits   0x000fa6       data     extern C:\MCC18\SRC\TRADIT~1\PROC\p18f8722.asm
                   EECON2   0x000fa7       data     extern C:\MCC18\SRC\TRADIT~1\PROC\p18f8722.asm
                   EEDATA   0x000fa8       data     extern C:\MCC18\SRC\TRADIT~1\PROC\p18f8722.asm
                    EEADR   0x000fa9       data     extern C:\MCC18\SRC\TRADIT~1\PROC\p18f8722.asm
                   EEADRH   0x000faa       data     extern C:\MCC18\SRC\TRADIT~1\PROC\p18f8722.asm
                RCSTAbits   0x000fab       data     extern C:\MCC18\SRC\TRADIT~1\PROC\p18f8722.asm
               RCSTA1bits   0x000fab       data     extern C:\MCC18\SRC\TRADIT~1\PROC\p18f8722.asm
                   RCSTA1   0x000fab       data     extern C:\MCC18\SRC\TRADIT~1\PROC\p18f8722.asm
                    RCSTA   0x000fab       data     extern C:\MCC18\SRC\TRADIT~1\PROC\p18f8722.asm
                TXSTAbits   0x000fac       data     extern C:\MCC18\SRC\TRADIT~1\PROC\p18f8722.asm
               TXSTA1bits   0x000fac       data     extern C:\MCC18\SRC\TRADIT~1\PROC\p18f8722.asm
                   TXSTA1   0x000fac       data     extern C:\MCC18\SRC\TRADIT~1\PROC\p18f8722.asm
                    TXSTA   0x000fac       data     extern C:\MCC18\SRC\TRADIT~1\PROC\p18f8722.asm
                   TXREG1   0x000fad       data     extern C:\MCC18\SRC\TRADIT~1\PROC\p18f8722.asm
                    TXREG   0x000fad       data     extern C:\MCC18\SRC\TRADIT~1\PROC\p18f8722.asm
                    RCREG   0x000fae       data     extern C:\MCC18\SRC\TRADIT~1\PROC\p18f8722.asm
                   RCREG1   0x000fae       data     extern C:\MCC18\SRC\TRADIT~1\PROC\p18f8722.asm
                   SPBRG1   0x000faf       data     extern C:\MCC18\SRC\TRADIT~1\PROC\p18f8722.asm
                    SPBRG   0x000faf       data     extern C:\MCC18\SRC\TRADIT~1\PROC\p18f8722.asm
                   PSPCON   0x000fb0       data     extern C:\MCC18\SRC\TRADIT~1\PROC\p18f8722.asm
               PSPCONbits   0x000fb0       data     extern C:\MCC18\SRC\TRADIT~1\PROC\p18f8722.asm
                    T3CON   0x000fb1       data     extern C:\MCC18\SRC\TRADIT~1\PROC\p18f8722.asm
                T3CONbits   0x000fb1       data     extern C:\MCC18\SRC\TRADIT~1\PROC\p18f8722.asm
                    TMR3L   0x000fb2       data     extern C:\MCC18\SRC\TRADIT~1\PROC\p18f8722.asm
                    TMR3H   0x000fb3       data     extern C:\MCC18\SRC\TRADIT~1\PROC\p18f8722.asm
                    CMCON   0x000fb4       data     extern C:\MCC18\SRC\TRADIT~1\PROC\p18f8722.asm
                CMCONbits   0x000fb4       data     extern C:\MCC18\SRC\TRADIT~1\PROC\p18f8722.asm
                   CVRCON   0x000fb5       data     extern C:\MCC18\SRC\TRADIT~1\PROC\p18f8722.asm
               CVRCONbits   0x000fb5       data     extern C:\MCC18\SRC\TRADIT~1\PROC\p18f8722.asm
                  ECCP1AS   0x000fb6       data     extern C:\MCC18\SRC\TRADIT~1\PROC\p18f8722.asm
              ECCP1ASbits   0x000fb6       data     extern C:\MCC18\SRC\TRADIT~1\PROC\p18f8722.asm
              CCP3CONbits   0x000fb7       data     extern C:\MCC18\SRC\TRADIT~1\PROC\p18f8722.asm
             ECCP3CONbits   0x000fb7       data     extern C:\MCC18\SRC\TRADIT~1\PROC\p18f8722.asm
                 ECCP3CON   0x000fb7       data     extern C:\MCC18\SRC\TRADIT~1\PROC\p18f8722.asm
                  CCP3CON   0x000fb7       data     extern C:\MCC18\SRC\TRADIT~1\PROC\p18f8722.asm
                    CCPR3   0x000fb8       data     extern C:\MCC18\SRC\TRADIT~1\PROC\p18f8722.asm
                   CCPR3L   0x000fb8       data     extern C:\MCC18\SRC\TRADIT~1\PROC\p18f8722.asm
                   CCPR3H   0x000fb9       data     extern C:\MCC18\SRC\TRADIT~1\PROC\p18f8722.asm
             ECCP2CONbits   0x000fba       data     extern C:\MCC18\SRC\TRADIT~1\PROC\p18f8722.asm
                 ECCP2CON   0x000fba       data     extern C:\MCC18\SRC\TRADIT~1\PROC\p18f8722.asm
                  CCP2CON   0x000fba       data     extern C:\MCC18\SRC\TRADIT~1\PROC\p18f8722.asm
              CCP2CONbits   0x000fba       data     extern C:\MCC18\SRC\TRADIT~1\PROC\p18f8722.asm
                    CCPR2   0x000fbb       data     extern C:\MCC18\SRC\TRADIT~1\PROC\p18f8722.asm
                   CCPR2L   0x000fbb       data     extern C:\MCC18\SRC\TRADIT~1\PROC\p18f8722.asm
                   CCPR2H   0x000fbc       data     extern C:\MCC18\SRC\TRADIT~1\PROC\p18f8722.asm
              CCP1CONbits   0x000fbd       data     extern C:\MCC18\SRC\TRADIT~1\PROC\p18f8722.asm
                  CCP1CON   0x000fbd       data     extern C:\MCC18\SRC\TRADIT~1\PROC\p18f8722.asm
             ECCP1CONbits   0x000fbd       data     extern C:\MCC18\SRC\TRADIT~1\PROC\p18f8722.asm
                 ECCP1CON   0x000fbd       data     extern C:\MCC18\SRC\TRADIT~1\PROC\p18f8722.asm
                   CCPR1L   0x000fbe       data     extern C:\MCC18\SRC\TRADIT~1\PROC\p18f8722.asm
                    CCPR1   0x000fbe       data     extern C:\MCC18\SRC\TRADIT~1\PROC\p18f8722.asm
                   CCPR1H   0x000fbf       data     extern C:\MCC18\SRC\TRADIT~1\PROC\p18f8722.asm
               ADCON2bits   0x000fc0       data     extern C:\MCC18\SRC\TRADIT~1\PROC\p18f8722.asm
                   ADCON2   0x000fc0       data     extern C:\MCC18\SRC\TRADIT~1\PROC\p18f8722.asm
               ADCON1bits   0x000fc1       data     extern C:\MCC18\SRC\TRADIT~1\PROC\p18f8722.asm
                   ADCON1   0x000fc1       data     extern C:\MCC18\SRC\TRADIT~1\PROC\p18f8722.asm
               ADCON0bits   0x000fc2       data     extern C:\MCC18\SRC\TRADIT~1\PROC\p18f8722.asm
                   ADCON0   0x000fc2       data     extern C:\MCC18\SRC\TRADIT~1\PROC\p18f8722.asm
                   ADRESL   0x000fc3       data     extern C:\MCC18\SRC\TRADIT~1\PROC\p18f8722.asm
                    ADRES   0x000fc3       data     extern C:\MCC18\SRC\TRADIT~1\PROC\p18f8722.asm
                   ADRESH   0x000fc4       data     extern C:\MCC18\SRC\TRADIT~1\PROC\p18f8722.asm
              SSPCON2bits   0x000fc5       data     extern C:\MCC18\SRC\TRADIT~1\PROC\p18f8722.asm
                  SSPCON2   0x000fc5       data     extern C:\MCC18\SRC\TRADIT~1\PROC\p18f8722.asm
             SSP1CON2bits   0x000fc5       data     extern C:\MCC18\SRC\TRADIT~1\PROC\p18f8722.asm
                 SSP1CON2   0x000fc5       data     extern C:\MCC18\SRC\TRADIT~1\PROC\p18f8722.asm
              SSPCON1bits   0x000fc6       data     extern C:\MCC18\SRC\TRADIT~1\PROC\p18f8722.asm
                 SSP1CON1   0x000fc6       data     extern C:\MCC18\SRC\TRADIT~1\PROC\p18f8722.asm
             SSP1CON1bits   0x000fc6       data     extern C:\MCC18\SRC\TRADIT~1\PROC\p18f8722.asm
                  SSPCON1   0x000fc6       data     extern C:\MCC18\SRC\TRADIT~1\PROC\p18f8722.asm
                  SSPSTAT   0x000fc7       data     extern C:\MCC18\SRC\TRADIT~1\PROC\p18f8722.asm
              SSPSTATbits   0x000fc7       data     extern C:\MCC18\SRC\TRADIT~1\PROC\p18f8722.asm
                 SSP1STAT   0x000fc7       data     extern C:\MCC18\SRC\TRADIT~1\PROC\p18f8722.asm
             SSP1STATbits   0x000fc7       data     extern C:\MCC18\SRC\TRADIT~1\PROC\p18f8722.asm
                  SSP1ADD   0x000fc8       data     extern C:\MCC18\SRC\TRADIT~1\PROC\p18f8722.asm
                   SSPADD   0x000fc8       data     extern C:\MCC18\SRC\TRADIT~1\PROC\p18f8722.asm
                  SSP1BUF   0x000fc9       data     extern C:\MCC18\SRC\TRADIT~1\PROC\p18f8722.asm
                   SSPBUF   0x000fc9       data     extern C:\MCC18\SRC\TRADIT~1\PROC\p18f8722.asm
                T2CONbits   0x000fca       data     extern C:\MCC18\SRC\TRADIT~1\PROC\p18f8722.asm
                    T2CON   0x000fca       data     extern C:\MCC18\SRC\TRADIT~1\PROC\p18f8722.asm
                      PR2   0x000fcb       data     extern C:\MCC18\SRC\TRADIT~1\PROC\p18f8722.asm
                     TMR2   0x000fcc       data     extern C:\MCC18\SRC\TRADIT~1\PROC\p18f8722.asm
                    T1CON   0x000fcd       data     extern C:\MCC18\SRC\TRADIT~1\PROC\p18f8722.asm
                T1CONbits   0x000fcd       data     extern C:\MCC18\SRC\TRADIT~1\PROC\p18f8722.asm
                    TMR1L   0x000fce       data     extern C:\MCC18\SRC\TRADIT~1\PROC\p18f8722.asm
                    TMR1H   0x000fcf       data     extern C:\MCC18\SRC\TRADIT~1\PROC\p18f8722.asm
                     RCON   0x000fd0       data     extern C:\MCC18\SRC\TRADIT~1\PROC\p18f8722.asm
                 RCONbits   0x000fd0       data     extern C:\MCC18\SRC\TRADIT~1\PROC\p18f8722.asm
                   WDTCON   0x000fd1       data     extern C:\MCC18\SRC\TRADIT~1\PROC\p18f8722.asm
               WDTCONbits   0x000fd1       data     extern C:\MCC18\SRC\TRADIT~1\PROC\p18f8722.asm
               LVDCONbits   0x000fd2       data     extern C:\MCC18\SRC\TRADIT~1\PROC\p18f8722.asm
                   LVDCON   0x000fd2       data     extern C:\MCC18\SRC\TRADIT~1\PROC\p18f8722.asm
              HLVDCONbits   0x000fd2       data     extern C:\MCC18\SRC\TRADIT~1\PROC\p18f8722.asm
                  HLVDCON   0x000fd2       data     extern C:\MCC18\SRC\TRADIT~1\PROC\p18f8722.asm
               OSCCONbits   0x000fd3       data     extern C:\MCC18\SRC\TRADIT~1\PROC\p18f8722.asm
                   OSCCON   0x000fd3       data     extern C:\MCC18\SRC\TRADIT~1\PROC\p18f8722.asm
                    T0CON   0x000fd5       data     extern C:\MCC18\SRC\TRADIT~1\PROC\p18f8722.asm
                T0CONbits   0x000fd5       data     extern C:\MCC18\SRC\TRADIT~1\PROC\p18f8722.asm
                    TMR0L   0x000fd6       data     extern C:\MCC18\SRC\TRADIT~1\PROC\p18f8722.asm
                    TMR0H   0x000fd7       data     extern C:\MCC18\SRC\TRADIT~1\PROC\p18f8722.asm
                   STATUS   0x000fd8       data     extern C:\MCC18\SRC\TRADIT~1\PROC\p18f8722.asm
               STATUSbits   0x000fd8       data     extern C:\MCC18\SRC\TRADIT~1\PROC\p18f8722.asm
                     FSR2   0x000fd9       data     extern C:\MCC18\SRC\TRADIT~1\PROC\p18f8722.asm
                    FSR2L   0x000fd9       data     extern C:\MCC18\SRC\TRADIT~1\PROC\p18f8722.asm
                    FSR2H   0x000fda       data     extern C:\MCC18\SRC\TRADIT~1\PROC\p18f8722.asm
                   PLUSW2   0x000fdb       data     extern C:\MCC18\SRC\TRADIT~1\PROC\p18f8722.asm
                  PREINC2   0x000fdc       data     extern C:\MCC18\SRC\TRADIT~1\PROC\p18f8722.asm
                 POSTDEC2   0x000fdd       data     extern C:\MCC18\SRC\TRADIT~1\PROC\p18f8722.asm
                 POSTINC2   0x000fde       data     extern C:\MCC18\SRC\TRADIT~1\PROC\p18f8722.asm
                    INDF2   0x000fdf       data     extern C:\MCC18\SRC\TRADIT~1\PROC\p18f8722.asm
                      BSR   0x000fe0       data     extern C:\MCC18\SRC\TRADIT~1\PROC\p18f8722.asm
                    FSR1L   0x000fe1       data     extern C:\MCC18\SRC\TRADIT~1\PROC\p18f8722.asm
                     FSR1   0x000fe1       data     extern C:\MCC18\SRC\TRADIT~1\PROC\p18f8722.asm
                    FSR1H   0x000fe2       data     extern C:\MCC18\SRC\TRADIT~1\PROC\p18f8722.asm
                   PLUSW1   0x000fe3       data     extern C:\MCC18\SRC\TRADIT~1\PROC\p18f8722.asm
                  PREINC1   0x000fe4       data     extern C:\MCC18\SRC\TRADIT~1\PROC\p18f8722.asm
                 POSTDEC1   0x000fe5       data     extern C:\MCC18\SRC\TRADIT~1\PROC\p18f8722.asm
                 POSTINC1   0x000fe6       data     extern C:\MCC18\SRC\TRADIT~1\PROC\p18f8722.asm
                    INDF1   0x000fe7       data     extern C:\MCC18\SRC\TRADIT~1\PROC\p18f8722.asm
                     WREG   0x000fe8       data     extern C:\MCC18\SRC\TRADIT~1\PROC\p18f8722.asm
                     FSR0   0x000fe9       data     extern C:\MCC18\SRC\TRADIT~1\PROC\p18f8722.asm
                    FSR0L   0x000fe9       data     extern C:\MCC18\SRC\TRADIT~1\PROC\p18f8722.asm
                    FSR0H   0x000fea       data     extern C:\MCC18\SRC\TRADIT~1\PROC\p18f8722.asm
                   PLUSW0   0x000feb       data     extern C:\MCC18\SRC\TRADIT~1\PROC\p18f8722.asm
                  PREINC0   0x000fec       data     extern C:\MCC18\SRC\TRADIT~1\PROC\p18f8722.asm
                 POSTDEC0   0x000fed       data     extern C:\MCC18\SRC\TRADIT~1\PROC\p18f8722.asm
                 POSTINC0   0x000fee       data     extern C:\MCC18\SRC\TRADIT~1\PROC\p18f8722.asm
                    INDF0   0x000fef       data     extern C:\MCC18\SRC\TRADIT~1\PROC\p18f8722.asm
              INTCON3bits   0x000ff0       data     extern C:\MCC18\SRC\TRADIT~1\PROC\p18f8722.asm
                  INTCON3   0x000ff0       data     extern C:\MCC18\SRC\TRADIT~1\PROC\p18f8722.asm
              INTCON2bits   0x000ff1       data     extern C:\MCC18\SRC\TRADIT~1\PROC\p18f8722.asm
                  INTCON2   0x000ff1       data     extern C:\MCC18\SRC\TRADIT~1\PROC\p18f8722.asm
               INTCONbits   0x000ff2       data     extern C:\MCC18\SRC\TRADIT~1\PROC\p18f8722.asm
                   INTCON   0x000ff2       data     extern C:\MCC18\SRC\TRADIT~1\PROC\p18f8722.asm
                     PROD   0x000ff3       data     extern C:\MCC18\SRC\TRADIT~1\PROC\p18f8722.asm
                    PRODL   0x000ff3       data     extern C:\MCC18\SRC\TRADIT~1\PROC\p18f8722.asm
                    PRODH   0x000ff4       data     extern C:\MCC18\SRC\TRADIT~1\PROC\p18f8722.asm
                   TABLAT   0x000ff5       data     extern C:\MCC18\SRC\TRADIT~1\PROC\p18f8722.asm
                  TBLPTRL   0x000ff6       data     extern C:\MCC18\SRC\TRADIT~1\PROC\p18f8722.asm
                   TBLPTR   0x000ff6       data     extern C:\MCC18\SRC\TRADIT~1\PROC\p18f8722.asm
                  TBLPTRH   0x000ff7       data     extern C:\MCC18\SRC\TRADIT~1\PROC\p18f8722.asm
                  TBLPTRU   0x000ff8       data     extern C:\MCC18\SRC\TRADIT~1\PROC\p18f8722.asm
                       PC   0x000ff9       data     extern C:\MCC18\SRC\TRADIT~1\PROC\p18f8722.asm
                      PCL   0x000ff9       data     extern C:\MCC18\SRC\TRADIT~1\PROC\p18f8722.asm
                   PCLATH   0x000ffa       data     extern C:\MCC18\SRC\TRADIT~1\PROC\p18f8722.asm
                   PCLATU   0x000ffb       data     extern C:\MCC18\SRC\TRADIT~1\PROC\p18f8722.asm
               STKPTRbits   0x000ffc       data     extern C:\MCC18\SRC\TRADIT~1\PROC\p18f8722.asm
                   STKPTR   0x000ffc       data     extern C:\MCC18\SRC\TRADIT~1\PROC\p18f8722.asm
                      TOS   0x000ffd       data     extern C:\MCC18\SRC\TRADIT~1\PROC\p18f8722.asm
                     TOSL   0x000ffd       data     extern C:\MCC18\SRC\TRADIT~1\PROC\p18f8722.asm
                     TOSH   0x000ffe       data     extern C:\MCC18\SRC\TRADIT~1\PROC\p18f8722.asm
                     TOSU   0x000fff       data     extern C:\MCC18\SRC\TRADIT~1\PROC\p18f8722.asm


